
Discarded input sections

 .text          0x0000000000000000        0x0 ./src/startup/entry.o
 .data          0x0000000000000000        0x0 ./src/startup/entry.o
 .bss           0x0000000000000000        0x0 ./src/startup/entry.o
 .group         0x0000000000000000        0xc ./src/startup/init.o
 .text          0x0000000000000000        0x0 ./src/startup/init.o
 .data          0x0000000000000000        0x0 ./src/startup/init.o
 .bss           0x0000000000000000        0x0 ./src/startup/init.o
 .comment       0x0000000000000000       0x52 ./src/startup/init.o
 .group         0x0000000000000000        0xc ./src/drivers/fabric_accel.o
 .group         0x0000000000000000        0xc ./src/drivers/fabric_accel.o
 .group         0x0000000000000000        0xc ./src/drivers/fabric_accel.o
 .group         0x0000000000000000        0xc ./src/drivers/fabric_accel.o
 .text          0x0000000000000000        0x0 ./src/drivers/fabric_accel.o
 .data          0x0000000000000000        0x0 ./src/drivers/fabric_accel.o
 .bss           0x0000000000000000        0x0 ./src/drivers/fabric_accel.o
 .debug_macro   0x0000000000000000      0x76c ./src/drivers/fabric_accel.o
 .comment       0x0000000000000000       0x52 ./src/drivers/fabric_accel.o
 .group         0x0000000000000000        0xc ./src/app/main.o
 .group         0x0000000000000000        0xc ./src/app/main.o
 .group         0x0000000000000000        0xc ./src/app/main.o
 .text          0x0000000000000000        0x0 ./src/app/main.o
 .data          0x0000000000000000        0x0 ./src/app/main.o
 .bss           0x0000000000000000        0x0 ./src/app/main.o
 .debug_macro   0x0000000000000000      0x76c ./src/app/main.o
 .debug_macro   0x0000000000000000      0x34e ./src/app/main.o
 .debug_macro   0x0000000000000000       0x22 ./src/app/main.o
 .comment       0x0000000000000000       0x52 ./src/app/main.o

Memory Configuration

Name             Origin             Length             Attributes
DDR              0x0000000080000000 0x0000000000100000 xrw
*default*        0x0000000000000000 0xffffffffffffffff

Linker script and memory map

LOAD ./src/startup/entry.o
LOAD ./src/startup/init.o
LOAD ./src/drivers/fabric_accel.o
LOAD ./src/app/main.o
                0x0000000080000000                . = ORIGIN (DDR)

.text           0x0000000080000000      0x218
                0x0000000080000000                . = ALIGN (0x8)
 *(.init)
 .init          0x0000000080000000       0x9e ./src/startup/entry.o
                0x0000000080000000                _start
 *(.text.init)
 *(.text*)
 .text.system_init
                0x000000008000009e        0xe ./src/startup/init.o
                0x000000008000009e                system_init
 .text.fabric_accel_set_leds
                0x00000000800000ac       0x20 ./src/drivers/fabric_accel.o
                0x00000000800000ac                fabric_accel_set_leds
 .text.fabric_accel_write_operand
                0x00000000800000cc       0x20 ./src/drivers/fabric_accel.o
                0x00000000800000cc                fabric_accel_write_operand
 .text.fabric_accel_start
                0x00000000800000ec       0x16 ./src/drivers/fabric_accel.o
                0x00000000800000ec                fabric_accel_start
 .text.fabric_accel_done
                0x0000000080000102       0x22 ./src/drivers/fabric_accel.o
                0x0000000080000102                fabric_accel_done
 .text.fabric_accel_read_result
                0x0000000080000124       0x18 ./src/drivers/fabric_accel.o
                0x0000000080000124                fabric_accel_read_result
 .text.delay    0x000000008000013c       0x38 ./src/app/main.o
 .text.main     0x0000000080000174       0xa2 ./src/app/main.o
                0x0000000080000174                main
 *(.rodata*)
 *(.srodata*)
 *(.gnu.linkonce.t*)
 *(.gnu.linkonce.r*)
                0x0000000080000218                . = ALIGN (0x8)
 *fill*         0x0000000080000216        0x2 

.rela.dyn       0x0000000080000218        0x0
 .rela.init     0x0000000080000218        0x0 ./src/startup/entry.o

.data           0x0000000080000218        0x0
                0x0000000080000218                . = ALIGN (0x8)
                0x0000000080000218                __data_start = .
 *(.sdata*)
 *(.data*)
 *(.got*)
 *(.got.plt*)
 *(.gnu.linkonce.d*)
                0x0000000080000218                . = ALIGN (0x8)
                0x0000000080000218                __data_end = .
                0x0000000080000218                __data_load = __data_start
                0x0000000080000a18                __global_pointer$ = (__data_start + 0x800)

.bss            0x0000000080000218        0x0
                0x0000000080000218                . = ALIGN (0x8)
                0x0000000080000218                __bss_start = .
 *(.sbss*)
 *(.bss*)
 *(COMMON)
 *(.gnu.linkonce.b*)
                0x0000000080000218                . = ALIGN (0x8)
                0x0000000080000218                __bss_end = .
                0x0000000080000220                . = ALIGN (0x10)
                0x0000000080100000                __stack_top = (ORIGIN (DDR) + LENGTH (DDR))

/DISCARD/
 *(.comment*)
 *(.note*)
 *(.eh_frame*)
 *(.eh_frame_hdr*)
OUTPUT(base_mpfs_u54.elf elf64-littleriscv)

.riscv.attributes
                0x0000000000000000       0x2b
 .riscv.attributes
                0x0000000000000000       0x29 ./src/startup/entry.o
 .riscv.attributes
                0x0000000000000029       0x2b ./src/startup/init.o
 .riscv.attributes
                0x0000000000000054       0x2b ./src/drivers/fabric_accel.o
 .riscv.attributes
                0x000000000000007f       0x2b ./src/app/main.o

.debug_line     0x0000000000000000      0x614
 .debug_line    0x0000000000000000      0x11b ./src/startup/entry.o
 .debug_line    0x000000000000011b       0x50 ./src/startup/init.o
 .debug_line    0x000000000000016b      0x23b ./src/drivers/fabric_accel.o
 .debug_line    0x00000000000003a6      0x26e ./src/app/main.o

.debug_info     0x0000000000000000      0x2b0
 .debug_info    0x0000000000000000       0x2e ./src/startup/entry.o
 .debug_info    0x000000000000002e       0x48 ./src/startup/init.o
 .debug_info    0x0000000000000076      0x127 ./src/drivers/fabric_accel.o
 .debug_info    0x000000000000019d      0x113 ./src/app/main.o

.debug_abbrev   0x0000000000000000      0x1a2
 .debug_abbrev  0x0000000000000000       0x14 ./src/startup/entry.o
 .debug_abbrev  0x0000000000000014       0x31 ./src/startup/init.o
 .debug_abbrev  0x0000000000000045       0xb9 ./src/drivers/fabric_accel.o
 .debug_abbrev  0x00000000000000fe       0xa4 ./src/app/main.o

.debug_aranges  0x0000000000000000      0x110
 .debug_aranges
                0x0000000000000000       0x30 ./src/startup/entry.o
 .debug_aranges
                0x0000000000000030       0x30 ./src/startup/init.o
 .debug_aranges
                0x0000000000000060       0x70 ./src/drivers/fabric_accel.o
 .debug_aranges
                0x00000000000000d0       0x40 ./src/app/main.o

.debug_str      0x0000000000000000     0x3146
 .debug_str     0x0000000000000000       0x88 ./src/startup/entry.o
 .debug_str     0x0000000000000088     0x2501 ./src/startup/init.o
                                       0x2566 (size before relaxing)
 .debug_str     0x0000000000002589      0xb90 ./src/drivers/fabric_accel.o
                                       0x3218 (size before relaxing)
 .debug_str     0x0000000000003119       0x2d ./src/app/main.o
                                       0x3069 (size before relaxing)

.debug_ranges   0x0000000000000000       0xb0
 .debug_ranges  0x0000000000000000       0x20 ./src/startup/init.o
 .debug_ranges  0x0000000000000020       0x60 ./src/drivers/fabric_accel.o
 .debug_ranges  0x0000000000000080       0x30 ./src/app/main.o

.debug_macro    0x0000000000000000      0xb8c
 .debug_macro   0x0000000000000000       0x11 ./src/startup/init.o
 .debug_macro   0x0000000000000011      0x76c ./src/startup/init.o
 .debug_macro   0x000000000000077d       0x40 ./src/drivers/fabric_accel.o
 .debug_macro   0x00000000000007bd      0x34e ./src/drivers/fabric_accel.o
 .debug_macro   0x0000000000000b0b       0x22 ./src/drivers/fabric_accel.o
 .debug_macro   0x0000000000000b2d       0x28 ./src/drivers/fabric_accel.o
 .debug_macro   0x0000000000000b55       0x37 ./src/app/main.o

.debug_frame    0x0000000000000000      0x1a8
 .debug_frame   0x0000000000000000       0x40 ./src/startup/init.o
 .debug_frame   0x0000000000000040      0x100 ./src/drivers/fabric_accel.o
 .debug_frame   0x0000000000000140       0x68 ./src/app/main.o
