
Allocating common symbols
Common symbol       size              file

last_free           0x8               ./src/ucx/lib/malloc.o
first_free          0x8               ./src/ucx/lib/malloc.o

Discarded input sections

 .group         0x0000000000000000        0xc ./src/ucx/lib/console.o
 .group         0x0000000000000000        0xc ./src/ucx/lib/console.o
 .group         0x0000000000000000        0xc ./src/ucx/lib/console.o
 .group         0x0000000000000000        0xc ./src/ucx/lib/console.o
 .group         0x0000000000000000        0xc ./src/ucx/lib/console.o
 .group         0x0000000000000000        0xc ./src/ucx/lib/console.o
 .group         0x0000000000000000        0xc ./src/ucx/lib/console.o
 .group         0x0000000000000000        0xc ./src/ucx/lib/console.o
 .group         0x0000000000000000        0xc ./src/ucx/lib/console.o
 .text          0x0000000000000000        0x0 ./src/ucx/lib/console.o
 .data          0x0000000000000000        0x0 ./src/ucx/lib/console.o
 .bss           0x0000000000000000        0x0 ./src/ucx/lib/console.o
 .text._getchar
                0x0000000000000000       0x20 ./src/ucx/lib/console.o
 .text._kbhit   0x0000000000000000       0x20 ./src/ucx/lib/console.o
 .comment       0x0000000000000000       0x52 ./src/ucx/lib/console.o
 .group         0x0000000000000000        0xc ./src/ucx/lib/dump.o
 .group         0x0000000000000000        0xc ./src/ucx/lib/dump.o
 .group         0x0000000000000000        0xc ./src/ucx/lib/dump.o
 .group         0x0000000000000000        0xc ./src/ucx/lib/dump.o
 .group         0x0000000000000000        0xc ./src/ucx/lib/dump.o
 .group         0x0000000000000000        0xc ./src/ucx/lib/dump.o
 .group         0x0000000000000000        0xc ./src/ucx/lib/dump.o
 .group         0x0000000000000000        0xc ./src/ucx/lib/dump.o
 .group         0x0000000000000000        0xc ./src/ucx/lib/dump.o
 .text          0x0000000000000000        0x0 ./src/ucx/lib/dump.o
 .data          0x0000000000000000        0x0 ./src/ucx/lib/dump.o
 .bss           0x0000000000000000        0x0 ./src/ucx/lib/dump.o
 .text.printhex
                0x0000000000000000       0x86 ./src/ucx/lib/dump.o
 .text.hexdump  0x0000000000000000      0x1ca ./src/ucx/lib/dump.o
 .debug_info    0x0000000000000000      0x37f ./src/ucx/lib/dump.o
 .debug_abbrev  0x0000000000000000      0x139 ./src/ucx/lib/dump.o
 .debug_aranges
                0x0000000000000000       0x40 ./src/ucx/lib/dump.o
 .debug_ranges  0x0000000000000000       0x30 ./src/ucx/lib/dump.o
 .debug_macro   0x0000000000000000       0xad ./src/ucx/lib/dump.o
 .debug_macro   0x0000000000000000      0x76c ./src/ucx/lib/dump.o
 .debug_macro   0x0000000000000000      0x34e ./src/ucx/lib/dump.o
 .debug_macro   0x0000000000000000      0x174 ./src/ucx/lib/dump.o
 .debug_macro   0x0000000000000000      0x124 ./src/ucx/lib/dump.o
 .debug_macro   0x0000000000000000       0x70 ./src/ucx/lib/dump.o
 .debug_macro   0x0000000000000000       0x1c ./src/ucx/lib/dump.o
 .debug_macro   0x0000000000000000      0x328 ./src/ucx/lib/dump.o
 .debug_macro   0x0000000000000000       0xb8 ./src/ucx/lib/dump.o
 .debug_macro   0x0000000000000000       0x58 ./src/ucx/lib/dump.o
 .debug_line    0x0000000000000000      0x4e2 ./src/ucx/lib/dump.o
 .debug_str     0x0000000000000000     0x49f4 ./src/ucx/lib/dump.o
 .comment       0x0000000000000000       0x52 ./src/ucx/lib/dump.o
 .debug_frame   0x0000000000000000       0x70 ./src/ucx/lib/dump.o
 .riscv.attributes
                0x0000000000000000       0x2b ./src/ucx/lib/dump.o
 .group         0x0000000000000000        0xc ./src/ucx/lib/fixed.o
 .group         0x0000000000000000        0xc ./src/ucx/lib/fixed.o
 .group         0x0000000000000000        0xc ./src/ucx/lib/fixed.o
 .group         0x0000000000000000        0xc ./src/ucx/lib/fixed.o
 .group         0x0000000000000000        0xc ./src/ucx/lib/fixed.o
 .group         0x0000000000000000        0xc ./src/ucx/lib/fixed.o
 .group         0x0000000000000000        0xc ./src/ucx/lib/fixed.o
 .group         0x0000000000000000        0xc ./src/ucx/lib/fixed.o
 .group         0x0000000000000000        0xc ./src/ucx/lib/fixed.o
 .group         0x0000000000000000        0xc ./src/ucx/lib/fixed.o
 .text          0x0000000000000000        0x0 ./src/ucx/lib/fixed.o
 .data          0x0000000000000000        0x0 ./src/ucx/lib/fixed.o
 .bss           0x0000000000000000        0x0 ./src/ucx/lib/fixed.o
 .text.float_to_fix
                0x0000000000000000       0x3c ./src/ucx/lib/fixed.o
 .text.fix_to_float
                0x0000000000000000       0x76 ./src/ucx/lib/fixed.o
 .text.fixtoa   0x0000000000000000      0x1a2 ./src/ucx/lib/fixed.o
 .text.fix_sqrt
                0x0000000000000000      0x124 ./src/ucx/lib/fixed.o
 .text.fix_exp  0x0000000000000000      0x1a8 ./src/ucx/lib/fixed.o
 .text.fix_ln   0x0000000000000000      0x1c8 ./src/ucx/lib/fixed.o
[...]
Memory Configuration

Name             Origin             Length             Attributes
ddr              0x0000000080000000 0x0000000000100000 xrw
*default*        0x0000000000000000 0xffffffffffffffff

Linker script and memory map

LOAD ./src/ucx/lib/console.o
LOAD ./src/ucx/lib/dump.o
LOAD ./src/ucx/lib/fixed.o
LOAD ./src/ucx/lib/libc.o
LOAD ./src/ucx/lib/list.o
LOAD ./src/ucx/lib/malloc.o
LOAD ./src/ucx/lib/queue.o
LOAD ./src/ucx/kernel/coroutine.o
LOAD ./src/ucx/kernel/ecodes.o
LOAD ./src/ucx/kernel/message.o
LOAD ./src/ucx/kernel/pipe.o
LOAD ./src/ucx/kernel/semaphore.o
LOAD ./src/ucx/kernel/spinlock.o
LOAD ./src/ucx/kernel/syscall.o
LOAD ./src/ucx/kernel/timer.o
LOAD ./src/ucx/kernel/ucx.o
LOAD ./src/ucx/init/main.o
LOAD ./src/ucx/arch_common/ieee754.o
LOAD ./src/ucx/arch_common/math.o
LOAD ./src/ucx/arch_common/muldiv.o
LOAD ./src/startup/entry.o
LOAD ./src/startup/init.o
LOAD ./src/drivers/fabric_accel.o
LOAD ./src/bsp/hal.o
LOAD ./src/bsp/mpfs_clint.o
LOAD ./src/bsp/mpfs_uart.o
LOAD ./src/app/app_main.o
                0x0000000000010000                STACK_SIZE = 0x10000
                0x0000000080100000                _stack_start = (ORIGIN (ddr) + LENGTH (ddr))
                0x00000000800f0000                _stack_end = (_stack_start - STACK_SIZE)
                0x0000000080100000                _stack = _stack_start
                0x0000000080000000                . = ORIGIN (ddr)

.text           0x0000000080000000     0x1d10
                0x0000000080000000                . = ALIGN (0x8)
                0x0000000080000000                _text = .
 *(.text.prologue)
 .text.prologue
                0x0000000080000000      0x1ca ./src/startup/entry.o
                0x0000000080000000                _entry
                0x00000000800000a8                _isr
                0x0000000080000106                setjmp
                0x0000000080000146                longjmp
                0x0000000080000186                __dispatch_init
 *(.init)
 *(.text.init)
 *(.text)
 *(.text.*)
 .text._stdout_default
                0x00000000800001ca       0x16 ./src/ucx/lib/console.o
 .text._stdin_default
                0x00000000800001e0       0x10 ./src/ucx/lib/console.o
 .text._stdpoll_default
                0x00000000800001f0       0x10 ./src/ucx/lib/console.o
 .text._stdout_install
                0x0000000080000200       0x20 ./src/ucx/lib/console.o
                0x0000000080000200                _stdout_install
 .text._stdin_install
                0x0000000080000220       0x20 ./src/ucx/lib/console.o
                0x0000000080000220                _stdin_install
 .text._stdpoll_install
                0x0000000080000240       0x20 ./src/ucx/lib/console.o
                0x0000000080000240                _stdpoll_install
 .text._putchar
                0x0000000080000260       0x2c ./src/ucx/lib/console.o
                0x0000000080000260                _putchar
 .text.ucx_memset
                0x000000008000028c       0x58 ./src/ucx/lib/libc.o
                0x000000008000028c                ucx_memset
 .text.divide   0x00000000800002e4       0x52 ./src/ucx/lib/libc.o
 .text.toint    0x0000000080000336       0x7a ./src/ucx/lib/libc.o
 .text.printchar
                0x00000000800003b0       0x5c ./src/ucx/lib/libc.o
 .text.ucx_vsprintf
                0x000000008000040c      0x34a ./src/ucx/lib/libc.o
 .text.ucx_printf
                0x0000000080000756       0x4e ./src/ucx/lib/libc.o
                0x0000000080000756                ucx_printf
 .text.list_create
                0x00000000800007a4       0xac ./src/ucx/lib/list.o
                0x00000000800007a4                list_create
 .text.list_pushback
                0x0000000080000850       0x80 ./src/ucx/lib/list.o
                0x0000000080000850                list_pushback
 .text.list_next
                0x00000000800008d0       0x18 ./src/ucx/lib/list.o
                0x00000000800008d0                list_next
 .text.list_foreach
                0x00000000800008e8       0x5e ./src/ucx/lib/list.o
                0x00000000800008e8                list_foreach
 .text.ucx_free
                0x0000000080000946       0x80 ./src/ucx/lib/malloc.o
                0x0000000080000946                ucx_free
 .text.ucx_malloc
                0x00000000800009c6      0x1a0 ./src/ucx/lib/malloc.o
                0x00000000800009c6                ucx_malloc
 .text.ucx_heap_init
                0x0000000080000b66       0x8a ./src/ucx/lib/malloc.o
                0x0000000080000b66                ucx_heap_init
 .text.stack_check
                0x0000000080000bf0       0x7c ./src/ucx/kernel/ucx.o
 .text.delay_update
                0x0000000080000c6c       0x68 ./src/ucx/kernel/ucx.o
 .text.krnl_panic
                0x0000000080000cd4       0x9e ./src/ucx/kernel/ucx.o
                0x0000000080000cd4                krnl_panic
 .text.krnl_schedule
                0x0000000080000d72      0x1fc ./src/ucx/kernel/ucx.o
                0x0000000080000d72                krnl_schedule
 .text.krnl_noop_rtsched
                0x0000000080000f6e       0x10 ./src/ucx/kernel/ucx.o
                0x0000000080000f6e                krnl_noop_rtsched
 .text.krnl_dispatcher
                0x0000000080000f7e       0x2e ./src/ucx/kernel/ucx.o
                0x0000000080000f7e                krnl_dispatcher
 .text.dispatch
                0x0000000080000fac       0xaa ./src/ucx/kernel/ucx.o
                0x0000000080000fac                dispatch
                0x0000000080000fac                _dispatch
 .text.yield    0x0000000080001056      0x13a ./src/ucx/kernel/ucx.o
                0x0000000080001056                _yield
                0x0000000080001056                yield
 .text.ucx_task_spawn
                0x0000000080001190      0x1d8 ./src/ucx/kernel/ucx.o
                0x0000000080001190                ucx_task_spawn
 .text.ucx_task_yield
                0x0000000080001368       0x16 ./src/ucx/kernel/ucx.o
                0x0000000080001368                ucx_task_yield
 .text.ucx_task_delay
                0x000000008000137e       0x80 ./src/ucx/kernel/ucx.o
                0x000000008000137e                ucx_task_delay
 .text.ucx_task_id
                0x00000000800013fe       0x28 ./src/ucx/kernel/ucx.o
                0x00000000800013fe                ucx_task_id
 .text.ucx_ticks
                0x0000000080001426       0x1e ./src/ucx/kernel/ucx.o
                0x0000000080001426                ucx_ticks
 .text.main     0x0000000080001444      0x12a ./src/ucx/init/main.o
                0x0000000080001444                main
 .text.system_init
                0x000000008000156e        0xe ./src/startup/init.o
                0x000000008000156e                system_init
 .text.fabric_accel_set_leds
                0x000000008000157c       0x20 ./src/drivers/fabric_accel.o
                0x000000008000157c                fabric_accel_set_leds
 .text.fabric_accel_write_operand
                0x000000008000159c       0x20 ./src/drivers/fabric_accel.o
                0x000000008000159c                fabric_accel_write_operand
 .text.fabric_accel_start
                0x00000000800015bc       0x16 ./src/drivers/fabric_accel.o
                0x00000000800015bc                fabric_accel_start
 .text.fabric_accel_done
                0x00000000800015d2       0x22 ./src/drivers/fabric_accel.o
                0x00000000800015d2                fabric_accel_done
 .text.fabric_accel_read_result
                0x00000000800015f4       0x18 ./src/drivers/fabric_accel.o
                0x00000000800015f4                fabric_accel_read_result
 .text.__putchar
                0x000000008000160c       0x24 ./src/bsp/hal.o
 .text.__kbhit  0x0000000080001630       0x18 ./src/bsp/hal.o
 .text.__getchar
                0x0000000080001648       0x2a ./src/bsp/hal.o
 .text._interrupt_set
                0x0000000080001672       0x74 ./src/bsp/hal.o
                0x0000000080001672                _interrupt_set
 .text._irq_handler
                0x00000000800016e6       0xc4 ./src/bsp/hal.o
                0x00000000800016e6                _irq_handler
 .text._cpu_idle
                0x00000000800017aa       0x12 ./src/bsp/hal.o
                0x00000000800017aa                _cpu_idle
 .text._cpu_id  0x00000000800017bc       0x1e ./src/bsp/hal.o
                0x00000000800017bc                _cpu_id
 .text._hardware_init
                0x00000000800017da       0x40 ./src/bsp/hal.o
                0x00000000800017da                _hardware_init
 .text._timer_enable
                0x000000008000181a       0x32 ./src/bsp/hal.o
                0x000000008000181a                _timer_enable
 .text._interrupt_tick
                0x000000008000184c       0x36 ./src/bsp/hal.o
                0x000000008000184c                _interrupt_tick
 .text._dispatch_init
                0x0000000080001882       0x4c ./src/bsp/hal.o
                0x0000000080001882                _dispatch_init
 .text._context_init
                0x00000000800018ce       0x48 ./src/bsp/hal.o
                0x00000000800018ce                _context_init
 .text.mpfs_clint_mtime_read
                0x0000000080001916       0x5e ./src/bsp/mpfs_clint.o
                0x0000000080001916                mpfs_clint_mtime_read
 .text.mpfs_clint_mtimecmp_write
                0x0000000080001974       0x74 ./src/bsp/mpfs_clint.o
                0x0000000080001974                mpfs_clint_mtimecmp_write
 .text.mpfs_clint_arm_tick
                0x00000000800019e8       0x74 ./src/bsp/mpfs_clint.o
                0x00000000800019e8                mpfs_clint_arm_tick
 .text.mpfs_uart_init
                0x0000000080001a5c       0xb8 ./src/bsp/mpfs_uart.o
                0x0000000080001a5c                mpfs_uart_init
 .text.mpfs_uart_putc
                0x0000000080001b14       0x54 ./src/bsp/mpfs_uart.o
                0x0000000080001b14                mpfs_uart_putc
 .text.mpfs_uart_kbhit
                0x0000000080001b68       0x26 ./src/bsp/mpfs_uart.o
                0x0000000080001b68                mpfs_uart_kbhit
 .text.mpfs_uart_getc_nonblock
                0x0000000080001b8e       0x2e ./src/bsp/mpfs_uart.o
                0x0000000080001b8e                mpfs_uart_getc_nonblock
 .text.idle_task
                0x0000000080001bbc        0xe ./src/app/app_main.o
 .text.led_task
                0x0000000080001bca       0xa8 ./src/app/app_main.o
 .text.console_task
                0x0000000080001c72       0x50 ./src/app/app_main.o
 .text.app_main
                0x0000000080001cc2       0x4a ./src/app/app_main.o
                0x0000000080001cc2                app_main
                0x0000000080001d10                . = ALIGN (0x8)
 *fill*         0x0000000080001d0c        0x4 
                0x0000000080001d10                _etext = .

.rodata         0x0000000080001d10      0x358
                0x0000000080001d10                . = ALIGN (0x8)
                0x0000000080001d10                _rodata = .
 *(.rdata)
 *(.rodata)
 .rodata        0x0000000080001d10       0x1f ./src/ucx/lib/libc.o
 *fill*         0x0000000080001d2f        0x1 
 .rodata        0x0000000080001d30      0x17f ./src/ucx/kernel/ecodes.o
 *fill*         0x0000000080001eaf        0x1 
 .rodata        0x0000000080001eb0       0x6e ./src/ucx/kernel/ucx.o
 *fill*         0x0000000080001f1e        0x2 
 .rodata        0x0000000080001f20       0x48 ./src/ucx/init/main.o
 .rodata        0x0000000080001f68       0x29 ./src/bsp/hal.o
 *fill*         0x0000000080001f91        0x7 
 .rodata        0x0000000080001f98       0x49 ./src/app/app_main.o
 *(.rodata.*)
 *fill*         0x0000000080001fe1        0x3 
 .rodata.ucx_vsprintf
                0x0000000080001fe4       0x84 ./src/ucx/lib/libc.o
 *(.srodata)
 *(.srodata.*)
                0x0000000080002068                . = ALIGN (0x8)
                0x0000000080002068                _erodata = .

.rela.dyn       0x0000000080002068        0x0
 .rela.text.ucx_free
                0x0000000080002068        0x0 ./src/ucx/lib/console.o
 .rela.text.ucx_malloc
                0x0000000080002068        0x0 ./src/ucx/lib/console.o
 .rela.text.ucx_heap_init
                0x0000000080002068        0x0 ./src/ucx/lib/console.o
 .rela.text.krnl_dispatcher
                0x0000000080002068        0x0 ./src/ucx/lib/console.o
 .rela.text.ucx_task_yield
                0x0000000080002068        0x0 ./src/ucx/lib/console.o
 .rela.text.ucx_task_delay
                0x0000000080002068        0x0 ./src/ucx/lib/console.o
 .rela.text.main
                0x0000000080002068        0x0 ./src/ucx/lib/console.o
 .rela.text.prologue
                0x0000000080002068        0x0 ./src/ucx/lib/console.o

.data           0x0000000080002068      0x210
                0x0000000080002068                . = ALIGN (0x8)
                0x0000000080002068                _sdata = .
 *(.data)
 *(.data.*)
 .data.edatadesc
                0x0000000080002068      0x120 ./src/ucx/kernel/ecodes.o
 .data.kernel_state
                0x0000000080002188       0xc8 ./src/ucx/kernel/ucx.o
                0x0000000080002188                kernel_state
                0x0000000080002a50                _gp = (. + 0x800)
 *(.sdata)
 *(.sdata.*)
 .sdata._stdout_hook
                0x0000000080002250        0x8 ./src/ucx/lib/console.o
 .sdata._stdin_hook
                0x0000000080002258        0x8 ./src/ucx/lib/console.o
 .sdata._stdpoll_hook
                0x0000000080002260        0x8 ./src/ucx/lib/console.o
 .sdata.perror  0x0000000080002268        0x8 ./src/ucx/kernel/ecodes.o
                0x0000000080002268                perror
 .sdata.kcb     0x0000000080002270        0x8 ./src/ucx/kernel/ucx.o
                0x0000000080002270                kcb
                0x0000000080002278                . = ALIGN (0x8)
                0x0000000080002278                _edata = .
                0x0000000080002068                _sidata = LOADADDR (.data)

.bss            0x0000000080002278       0x30
                0x0000000080002278                . = ALIGN (0x8)
                0x0000000080002278                _sbss = .
 *(.sbss)
 *(.sbss.*)
 .sbss.g_last_trap_cause
                0x0000000080002278        0x8 ./src/bsp/hal.o
                0x0000000080002278                g_last_trap_cause
 .sbss.g_last_trap_epc
                0x0000000080002280        0x8 ./src/bsp/hal.o
                0x0000000080002280                g_last_trap_epc
 .sbss.g_last_trap_tval
                0x0000000080002288        0x8 ./src/bsp/hal.o
                0x0000000080002288                g_last_trap_tval
 .sbss.int_status.1301
                0x0000000080002290        0x4 ./src/bsp/hal.o
 *(.bss)
 *(.bss.*)
 *(COMMON)
 *fill*         0x0000000080002294        0x4 
 COMMON         0x0000000080002298       0x10 ./src/ucx/lib/malloc.o
                0x0000000080002298                last_free
                0x00000000800022a0                first_free
                0x00000000800022a8                . = ALIGN (0x8)
                0x00000000800022a8                _ebss = .
                0x00000000800022a8                _end = .
                0x00000000800022a8                __bss_end = _ebss
                0x0000000080100000                __stack = _stack
                0x00000000800022a8                _heap_start = _ebss
                0x00000000800f0000                _heap_end = _stack_end
                0x00000000000edd58                _heap_size = (_heap_end - _heap_start)

/DISCARD/
 *(.comment*)
 *(.note*)
 *(.eh_frame*)
 *(.eh_frame_hdr*)
OUTPUT(ucx-os_mpfs_u54.elf elf64-littleriscv)

.riscv.attributes
                0x0000000000000000       0x2b
 .riscv.attributes
                0x0000000000000000       0x2b ./src/ucx/lib/console.o
 .riscv.attributes
                0x000000000000002b       0x2b ./src/ucx/lib/libc.o
 .riscv.attributes
                0x0000000000000056       0x2b ./src/ucx/lib/list.o
 .riscv.attributes
                0x0000000000000081       0x2b ./src/ucx/lib/malloc.o
 .riscv.attributes
                0x00000000000000ac       0x2b ./src/ucx/kernel/ecodes.o
 .riscv.attributes
                0x00000000000000d7       0x2b ./src/ucx/kernel/ucx.o
 .riscv.attributes
                0x0000000000000102       0x2b ./src/ucx/init/main.o
 .riscv.attributes
                0x000000000000012d       0x29 ./src/startup/entry.o
 .riscv.attributes
                0x0000000000000156       0x2b ./src/startup/init.o
 .riscv.attributes
                0x0000000000000181       0x2b ./src/drivers/fabric_accel.o
 .riscv.attributes
                0x00000000000001ac       0x2b ./src/bsp/hal.o
 .riscv.attributes
                0x00000000000001d7       0x2b ./src/bsp/mpfs_clint.o
 .riscv.attributes
                0x0000000000000202       0x2b ./src/bsp/mpfs_uart.o
 .riscv.attributes
                0x000000000000022d       0x2b ./src/app/app_main.o

.debug_info     0x0000000000000000     0x4723
 .debug_info    0x0000000000000000      0x46b ./src/ucx/lib/console.o
 .debug_info    0x000000000000046b      0xea8 ./src/ucx/lib/libc.o
 .debug_info    0x0000000000001313      0xd58 ./src/ucx/lib/list.o
 .debug_info    0x000000000000206b      0x4bb ./src/ucx/lib/malloc.o
 .debug_info    0x0000000000002526      0x37e ./src/ucx/kernel/ecodes.o
 .debug_info    0x00000000000028a4      0xaa9 ./src/ucx/kernel/ucx.o
 .debug_info    0x000000000000334d      0x45d ./src/ucx/init/main.o
 .debug_info    0x00000000000037aa       0x2e ./src/startup/entry.o
 .debug_info    0x00000000000037d8       0x48 ./src/startup/init.o
 .debug_info    0x0000000000003820      0x127 ./src/drivers/fabric_accel.o
 .debug_info    0x0000000000003947      0x79c ./src/bsp/hal.o
 .debug_info    0x00000000000040e3      0x1ad ./src/bsp/mpfs_clint.o
 .debug_info    0x0000000000004290      0x124 ./src/bsp/mpfs_uart.o
 .debug_info    0x00000000000043b4      0x36f ./src/app/app_main.o

.debug_abbrev   0x0000000000000000     0x1329
 .debug_abbrev  0x0000000000000000      0x18c ./src/ucx/lib/console.o
 .debug_abbrev  0x000000000000018c      0x2a1 ./src/ucx/lib/libc.o
 .debug_abbrev  0x000000000000042d      0x219 ./src/ucx/lib/list.o
 .debug_abbrev  0x0000000000000646      0x168 ./src/ucx/lib/malloc.o
 .debug_abbrev  0x00000000000007ae      0x100 ./src/ucx/kernel/ecodes.o
 .debug_abbrev  0x00000000000008ae      0x2f7 ./src/ucx/kernel/ucx.o
 .debug_abbrev  0x0000000000000ba5      0x158 ./src/ucx/init/main.o
 .debug_abbrev  0x0000000000000cfd       0x14 ./src/startup/entry.o
 .debug_abbrev  0x0000000000000d11       0x31 ./src/startup/init.o
 .debug_abbrev  0x0000000000000d42       0xb9 ./src/drivers/fabric_accel.o
 .debug_abbrev  0x0000000000000dfb      0x250 ./src/bsp/hal.o
 .debug_abbrev  0x000000000000104b       0xda ./src/bsp/mpfs_clint.o
 .debug_abbrev  0x0000000000001125       0xdf ./src/bsp/mpfs_uart.o
 .debug_abbrev  0x0000000000001204      0x125 ./src/app/app_main.o

.debug_aranges  0x0000000000000000      0xa40
 .debug_aranges
                0x0000000000000000       0xb0 ./src/ucx/lib/console.o
 .debug_aranges
                0x00000000000000b0      0x230 ./src/ucx/lib/libc.o
 .debug_aranges
                0x00000000000002e0      0x200 ./src/ucx/lib/list.o
 .debug_aranges
                0x00000000000004e0       0x70 ./src/ucx/lib/malloc.o
 .debug_aranges
                0x0000000000000550       0x20 ./src/ucx/kernel/ecodes.o
 .debug_aranges
                0x0000000000000570      0x190 ./src/ucx/kernel/ucx.o
 .debug_aranges
                0x0000000000000700       0x40 ./src/ucx/init/main.o
 .debug_aranges
                0x0000000000000740       0x30 ./src/startup/entry.o
 .debug_aranges
                0x0000000000000770       0x30 ./src/startup/init.o
 .debug_aranges
                0x00000000000007a0       0x70 ./src/drivers/fabric_accel.o
 .debug_aranges
                0x0000000000000810      0x120 ./src/bsp/hal.o
 .debug_aranges
                0x0000000000000930       0x50 ./src/bsp/mpfs_clint.o
 .debug_aranges
                0x0000000000000980       0x60 ./src/bsp/mpfs_uart.o
 .debug_aranges
                0x00000000000009e0       0x60 ./src/app/app_main.o

.debug_ranges   0x0000000000000000      0x930
 .debug_ranges  0x0000000000000000       0xa0 ./src/ucx/lib/console.o
 .debug_ranges  0x00000000000000a0      0x220 ./src/ucx/lib/libc.o
 .debug_ranges  0x00000000000002c0      0x1f0 ./src/ucx/lib/list.o
 .debug_ranges  0x00000000000004b0       0x60 ./src/ucx/lib/malloc.o
 .debug_ranges  0x0000000000000510      0x180 ./src/ucx/kernel/ucx.o
 .debug_ranges  0x0000000000000690       0x30 ./src/ucx/init/main.o
 .debug_ranges  0x00000000000006c0       0x20 ./src/startup/init.o
 .debug_ranges  0x00000000000006e0       0x60 ./src/drivers/fabric_accel.o
 .debug_ranges  0x0000000000000740      0x110 ./src/bsp/hal.o
 .debug_ranges  0x0000000000000850       0x40 ./src/bsp/mpfs_clint.o
 .debug_ranges  0x0000000000000890       0x50 ./src/bsp/mpfs_uart.o
 .debug_ranges  0x00000000000008e0       0x50 ./src/app/app_main.o

.debug_macro    0x0000000000000000     0x19ab
 .debug_macro   0x0000000000000000       0xad ./src/ucx/lib/console.o
 .debug_macro   0x00000000000000ad      0x76c ./src/ucx/lib/console.o
 .debug_macro   0x0000000000000819      0x34e ./src/ucx/lib/console.o
 .debug_macro   0x0000000000000b67      0x174 ./src/ucx/lib/console.o
 .debug_macro   0x0000000000000cdb      0x124 ./src/ucx/lib/console.o
 .debug_macro   0x0000000000000dff       0x70 ./src/ucx/lib/console.o
 .debug_macro   0x0000000000000e6f       0x1c ./src/ucx/lib/console.o
 .debug_macro   0x0000000000000e8b      0x328 ./src/ucx/lib/console.o
 .debug_macro   0x00000000000011b3       0xb8 ./src/ucx/lib/console.o
 .debug_macro   0x000000000000126b       0x58 ./src/ucx/lib/console.o
 .debug_macro   0x00000000000012c3       0xad ./src/ucx/lib/libc.o
 .debug_macro   0x0000000000001370       0xad ./src/ucx/lib/list.o
 .debug_macro   0x000000000000141d       0xad ./src/ucx/lib/malloc.o
 .debug_macro   0x00000000000014ca       0xad ./src/ucx/kernel/ecodes.o
 .debug_macro   0x0000000000001577       0xad ./src/ucx/kernel/ucx.o
 .debug_macro   0x0000000000001624       0xad ./src/ucx/init/main.o
 .debug_macro   0x00000000000016d1       0x11 ./src/startup/init.o
 .debug_macro   0x00000000000016e2       0x40 ./src/drivers/fabric_accel.o
 .debug_macro   0x0000000000001722       0x22 ./src/drivers/fabric_accel.o
 .debug_macro   0x0000000000001744       0x9a ./src/drivers/fabric_accel.o
 .debug_macro   0x00000000000017de       0x6e ./src/bsp/hal.o
 .debug_macro   0x000000000000184c       0x10 ./src/bsp/hal.o
 .debug_macro   0x000000000000185c       0x10 ./src/bsp/hal.o
 .debug_macro   0x000000000000186c       0x3d ./src/bsp/mpfs_clint.o
 .debug_macro   0x00000000000018a9       0x42 ./src/bsp/mpfs_uart.o
 .debug_macro   0x00000000000018eb       0xc0 ./src/app/app_main.o

.debug_line     0x0000000000000000     0x68da
 .debug_line    0x0000000000000000      0x44d ./src/ucx/lib/console.o
 .debug_line    0x000000000000044d     0x19e9 ./src/ucx/lib/libc.o
 .debug_line    0x0000000000001e36     0x1409 ./src/ucx/lib/list.o
 .debug_line    0x000000000000323f      0x69b ./src/ucx/lib/malloc.o
 .debug_line    0x00000000000038da      0x2f3 ./src/ucx/kernel/ecodes.o
 .debug_line    0x0000000000003bcd     0x107c ./src/ucx/kernel/ucx.o
 .debug_line    0x0000000000004c49      0x468 ./src/ucx/init/main.o
 .debug_line    0x00000000000050b1      0x363 ./src/startup/entry.o
 .debug_line    0x0000000000005414       0x50 ./src/startup/init.o
 .debug_line    0x0000000000005464      0x23d ./src/drivers/fabric_accel.o
 .debug_line    0x00000000000056a1      0x723 ./src/bsp/hal.o
 .debug_line    0x0000000000005dc4      0x296 ./src/bsp/mpfs_clint.o
 .debug_line    0x000000000000605a      0x38d ./src/bsp/mpfs_uart.o
 .debug_line    0x00000000000063e7      0x4f3 ./src/app/app_main.o

.debug_str      0x0000000000000000     0x577c
 .debug_str     0x0000000000000000     0x483d ./src/ucx/lib/console.o
                                       0x4a6b (size before relaxing)
 .debug_str     0x000000000000483d      0x1e0 ./src/ucx/lib/libc.o
                                       0x4b95 (size before relaxing)
 .debug_str     0x0000000000004a1d      0x110 ./src/ucx/lib/list.o
                                       0x4b73 (size before relaxing)
 .debug_str     0x0000000000004b2d       0x86 ./src/ucx/lib/malloc.o
                                       0x4a3f (size before relaxing)
 .debug_str     0x0000000000004bb3      0x15a ./src/ucx/kernel/ecodes.o
                                       0x4b07 (size before relaxing)
 .debug_str     0x0000000000004d0d      0x283 ./src/ucx/kernel/ucx.o
                                       0x4da4 (size before relaxing)
 .debug_str     0x0000000000004f90       0x1d ./src/ucx/init/main.o
                                       0x4b4a (size before relaxing)
 .debug_str     0x0000000000004fad       0x23 ./src/startup/entry.o
                                         0x8a (size before relaxing)
 .debug_str     0x0000000000004fd0       0x22 ./src/startup/init.o
                                       0x2568 (size before relaxing)
 .debug_str     0x0000000000004ff2      0x421 ./src/drivers/fabric_accel.o
                                       0x340e (size before relaxing)
 .debug_str     0x0000000000005413      0x1bd ./src/bsp/hal.o
                                       0x40e9 (size before relaxing)
 .debug_str     0x00000000000055d0       0x92 ./src/bsp/mpfs_clint.o
                                       0x33ef (size before relaxing)
 .debug_str     0x0000000000005662       0xc6 ./src/bsp/mpfs_uart.o
                                       0x343c (size before relaxing)
 .debug_str     0x0000000000005728       0x54 ./src/app/app_main.o
                                       0x4a5e (size before relaxing)

.debug_frame    0x0000000000000000     0x1a00
 .debug_frame   0x0000000000000000      0x1c0 ./src/ucx/lib/console.o
 .debug_frame   0x00000000000001c0      0x648 ./src/ucx/lib/libc.o
 .debug_frame   0x0000000000000808      0x5b0 ./src/ucx/lib/list.o
 .debug_frame   0x0000000000000db8      0x100 ./src/ucx/lib/malloc.o
 .debug_frame   0x0000000000000eb8      0x458 ./src/ucx/kernel/ucx.o
 .debug_frame   0x0000000000001310       0x78 ./src/ucx/init/main.o
 .debug_frame   0x0000000000001388       0x40 ./src/startup/init.o
 .debug_frame   0x00000000000013c8      0x100 ./src/drivers/fabric_accel.o
 .debug_frame   0x00000000000014c8      0x310 ./src/bsp/hal.o
 .debug_frame   0x00000000000017d8       0xa0 ./src/bsp/mpfs_clint.o
 .debug_frame   0x0000000000001878       0xd0 ./src/bsp/mpfs_uart.o
 .debug_frame   0x0000000000001948       0xb8 ./src/app/app_main.o
