
Allocating common symbols
Common symbol       size              file

last_free           0x8               ./src/ucx/lib/malloc.o
first_free          0x8               ./src/ucx/lib/malloc.o

Discarded input sections

 .group         0x0000000000000000        0xc ./src/ucx/lib/console.o
 .group         0x0000000000000000        0xc ./src/ucx/lib/console.o
 .group         0x0000000000000000        0xc ./src/ucx/lib/console.o
 .group         0x0000000000000000        0xc ./src/ucx/lib/console.o
 .group         0x0000000000000000        0xc ./src/ucx/lib/console.o
 .group         0x0000000000000000        0xc ./src/ucx/lib/console.o
 .group         0x0000000000000000        0xc ./src/ucx/lib/console.o
 .group         0x0000000000000000        0xc ./src/ucx/lib/console.o
 .group         0x0000000000000000        0xc ./src/ucx/lib/console.o
 .text          0x0000000000000000        0x0 ./src/ucx/lib/console.o
 .data          0x0000000000000000        0x0 ./src/ucx/lib/console.o
 .bss           0x0000000000000000        0x0 ./src/ucx/lib/console.o
 .text._getchar
                0x0000000000000000        0xe ./src/ucx/lib/console.o
 .text._kbhit   0x0000000000000000        0xe ./src/ucx/lib/console.o
 .comment       0x0000000000000000       0x52 ./src/ucx/lib/console.o
 .group         0x0000000000000000        0xc ./src/ucx/lib/dump.o
 .group         0x0000000000000000        0xc ./src/ucx/lib/dump.o
 .group         0x0000000000000000        0xc ./src/ucx/lib/dump.o
 .group         0x0000000000000000        0xc ./src/ucx/lib/dump.o
 .group         0x0000000000000000        0xc ./src/ucx/lib/dump.o
 .group         0x0000000000000000        0xc ./src/ucx/lib/dump.o
 .group         0x0000000000000000        0xc ./src/ucx/lib/dump.o
 .group         0x0000000000000000        0xc ./src/ucx/lib/dump.o
 .group         0x0000000000000000        0xc ./src/ucx/lib/dump.o
 .text          0x0000000000000000        0x0 ./src/ucx/lib/dump.o
 .data          0x0000000000000000        0x0 ./src/ucx/lib/dump.o
 .bss           0x0000000000000000        0x0 ./src/ucx/lib/dump.o
 .text.printhex
                0x0000000000000000       0x40 ./src/ucx/lib/dump.o
 .text.hexdump  0x0000000000000000      0x118 ./src/ucx/lib/dump.o
 .debug_info    0x0000000000000000      0x4bc ./src/ucx/lib/dump.o
 .debug_abbrev  0x0000000000000000      0x17d ./src/ucx/lib/dump.o
 .debug_loc     0x0000000000000000      0x2cf ./src/ucx/lib/dump.o
 .debug_aranges
                0x0000000000000000       0x40 ./src/ucx/lib/dump.o
 .debug_ranges  0x0000000000000000       0x30 ./src/ucx/lib/dump.o
 .debug_macro   0x0000000000000000       0xad ./src/ucx/lib/dump.o
 .debug_macro   0x0000000000000000      0x77e ./src/ucx/lib/dump.o
 .debug_macro   0x0000000000000000      0x34e ./src/ucx/lib/dump.o
 .debug_macro   0x0000000000000000      0x174 ./src/ucx/lib/dump.o
 .debug_macro   0x0000000000000000      0x124 ./src/ucx/lib/dump.o
 .debug_macro   0x0000000000000000       0x70 ./src/ucx/lib/dump.o
 .debug_macro   0x0000000000000000       0x1c ./src/ucx/lib/dump.o
 .debug_macro   0x0000000000000000      0x328 ./src/ucx/lib/dump.o
 .debug_macro   0x0000000000000000       0xb8 ./src/ucx/lib/dump.o
 .debug_macro   0x0000000000000000       0x58 ./src/ucx/lib/dump.o
 .debug_line    0x0000000000000000      0x55d ./src/ucx/lib/dump.o
 .debug_str     0x0000000000000000     0x4a29 ./src/ucx/lib/dump.o
 .comment       0x0000000000000000       0x52 ./src/ucx/lib/dump.o
 .debug_frame   0x0000000000000000       0x88 ./src/ucx/lib/dump.o
 .riscv.attributes
                0x0000000000000000       0x2b ./src/ucx/lib/dump.o
 .group         0x0000000000000000        0xc ./src/ucx/lib/fixed.o
 .group         0x0000000000000000        0xc ./src/ucx/lib/fixed.o
 .group         0x0000000000000000        0xc ./src/ucx/lib/fixed.o
 .group         0x0000000000000000        0xc ./src/ucx/lib/fixed.o
 .group         0x0000000000000000        0xc ./src/ucx/lib/fixed.o
 .group         0x0000000000000000        0xc ./src/ucx/lib/fixed.o
 .group         0x0000000000000000        0xc ./src/ucx/lib/fixed.o
 .group         0x0000000000000000        0xc ./src/ucx/lib/fixed.o
 .group         0x0000000000000000        0xc ./src/ucx/lib/fixed.o
 .group         0x0000000000000000        0xc ./src/ucx/lib/fixed.o
 .text          0x0000000000000000        0x0 ./src/ucx/lib/fixed.o
 .data          0x0000000000000000        0x0 ./src/ucx/lib/fixed.o
 .bss           0x0000000000000000        0x0 ./src/ucx/lib/fixed.o
 .text.xatan    0x0000000000000000       0xb0 ./src/ucx/lib/fixed.o
 .text.satan    0x0000000000000000       0x66 ./src/ucx/lib/fixed.o
 .text.float_to_fix
                0x0000000000000000       0x26 ./src/ucx/lib/fixed.o
 .text.fix_to_float
                0x0000000000000000       0x4c ./src/ucx/lib/fixed.o
 .text.fixtoa   0x0000000000000000       0xb6 ./src/ucx/lib/fixed.o
 .text.fix_sqrt
[...]
Memory Configuration

Name             Origin             Length             Attributes
ddr              0x0000000080000000 0x0000000000100000 xrw
*default*        0x0000000000000000 0xffffffffffffffff

Linker script and memory map

LOAD ./src/ucx/lib/console.o
LOAD ./src/ucx/lib/dump.o
LOAD ./src/ucx/lib/fixed.o
LOAD ./src/ucx/lib/libc.o
LOAD ./src/ucx/lib/list.o
LOAD ./src/ucx/lib/malloc.o
LOAD ./src/ucx/lib/queue.o
LOAD ./src/ucx/kernel/coroutine.o
LOAD ./src/ucx/kernel/ecodes.o
LOAD ./src/ucx/kernel/message.o
LOAD ./src/ucx/kernel/pipe.o
LOAD ./src/ucx/kernel/semaphore.o
LOAD ./src/ucx/kernel/spinlock.o
LOAD ./src/ucx/kernel/syscall.o
LOAD ./src/ucx/kernel/timer.o
LOAD ./src/ucx/kernel/ucx.o
LOAD ./src/ucx/init/main.o
LOAD ./src/ucx/arch_common/ieee754.o
LOAD ./src/ucx/arch_common/math.o
LOAD ./src/ucx/arch_common/muldiv.o
LOAD ./src/startup/entry.o
LOAD ./src/startup/init.o
LOAD ./src/kyber/cbd.o
LOAD ./src/kyber/fips202.o
LOAD ./src/kyber/indcpa.o
LOAD ./src/kyber/kem.o
LOAD ./src/kyber/ntt.o
LOAD ./src/kyber/poly.o
LOAD ./src/kyber/polyvec.o
LOAD ./src/kyber/randombytes.o
LOAD ./src/kyber/reduce.o
LOAD ./src/kyber/symmetric-shake.o
LOAD ./src/kyber/verify.o
LOAD ./src/drivers/fabric_accel.o
LOAD ./src/bsp/hal.o
LOAD ./src/bsp/mpfs_clint.o
LOAD ./src/bsp/mpfs_uart.o
LOAD ./src/bsp/trng.o
LOAD ./src/app/app_main.o
                0x0000000000010000                STACK_SIZE = 0x10000
                0x0000000080100000                _stack_start = (ORIGIN (ddr) + LENGTH (ddr))
                0x00000000800f0000                _stack_end = (_stack_start - STACK_SIZE)
                0x0000000080100000                _stack = _stack_start
                0x0000000080000000                . = ORIGIN (ddr)

.text           0x0000000080000000     0x29e8
                0x0000000080000000                . = ALIGN (0x8)
                0x0000000080000000                _text = .
 *(.text.prologue)
 .text.prologue
                0x0000000080000000      0x1ca ./src/startup/entry.o
                0x0000000080000000                _entry
                0x00000000800000a8                _isr
                0x0000000080000106                setjmp
                0x0000000080000146                longjmp
                0x0000000080000186                __dispatch_init
 *(.init)
 *(.text.init)
 *(.text)
 *(.text.*)
 .text._stdout_default
                0x00000000800001ca        0x4 ./src/ucx/lib/console.o
 .text._stdin_default
                0x00000000800001ce        0x4 ./src/ucx/lib/console.o
 .text._stdpoll_default
                0x00000000800001d2        0x4 ./src/ucx/lib/console.o
 .text._stdout_install
                0x00000000800001d6        0xa ./src/ucx/lib/console.o
                0x00000000800001d6                _stdout_install
 .text._stdin_install
                0x00000000800001e0        0xa ./src/ucx/lib/console.o
                0x00000000800001e0                _stdin_install
 .text._stdpoll_install
                0x00000000800001ea        0xa ./src/ucx/lib/console.o
                0x00000000800001ea                _stdpoll_install
 .text._putchar
                0x00000000800001f4       0x18 ./src/ucx/lib/console.o
                0x00000000800001f4                _putchar
 .text.printchar
                0x000000008000020c       0x18 ./src/ucx/lib/libc.o
 .text.ucx_vsprintf
                0x0000000080000224      0x20a ./src/ucx/lib/libc.o
 .text.ucx_memcpy
                0x000000008000042e       0x20 ./src/ucx/lib/libc.o
                0x000000008000042e                ucx_memcpy
 .text.ucx_memset
                0x000000008000044e       0x16 ./src/ucx/lib/libc.o
                0x000000008000044e                ucx_memset
 .text.ucx_printf
                0x0000000080000464       0x24 ./src/ucx/lib/libc.o
                0x0000000080000464                ucx_printf
 .text.list_create
                0x0000000080000488       0x5c ./src/ucx/lib/list.o
                0x0000000080000488                list_create
 .text.list_pushback
                0x00000000800004e4       0x34 ./src/ucx/lib/list.o
                0x00000000800004e4                list_pushback
 .text.list_next
                0x0000000080000518        0x4 ./src/ucx/lib/list.o
                0x0000000080000518                list_next
 .text.list_foreach
                0x000000008000051c       0x2c ./src/ucx/lib/list.o
                0x000000008000051c                list_foreach
 .text.ucx_free
                0x0000000080000548       0x6a ./src/ucx/lib/malloc.o
                0x0000000080000548                ucx_free
 .text.ucx_malloc
                0x00000000800005b2       0xea ./src/ucx/lib/malloc.o
                0x00000000800005b2                ucx_malloc
 .text.ucx_heap_init
                0x000000008000069c       0x32 ./src/ucx/lib/malloc.o
                0x000000008000069c                ucx_heap_init
 .text.delay_update
                0x00000000800006ce       0x28 ./src/ucx/kernel/ucx.o
 .text.krnl_noop_rtsched
                0x00000000800006f6        0x4 ./src/ucx/kernel/ucx.o
                0x00000000800006f6                krnl_noop_rtsched
 .text.krnl_panic
                0x00000000800006fa       0x48 ./src/ucx/kernel/ucx.o
                0x00000000800006fa                krnl_panic
 .text.stack_check
                0x0000000080000742       0x3e ./src/ucx/kernel/ucx.o
 .text.krnl_schedule
                0x0000000080000780       0xde ./src/ucx/kernel/ucx.o
                0x0000000080000780                krnl_schedule
 .text.dispatch
                0x000000008000085e       0x7c ./src/ucx/kernel/ucx.o
                0x000000008000085e                dispatch
                0x000000008000085e                _dispatch
 .text.krnl_dispatcher
                0x00000000800008da       0x16 ./src/ucx/kernel/ucx.o
                0x00000000800008da                krnl_dispatcher
 .text.yield    0x00000000800008f0       0xc0 ./src/ucx/kernel/ucx.o
                0x00000000800008f0                _yield
                0x00000000800008f0                yield
 .text.ucx_task_spawn
                0x00000000800009b0      0x11a ./src/ucx/kernel/ucx.o
                0x00000000800009b0                ucx_task_spawn
 .text.ucx_task_yield
                0x0000000080000aca        0x2 ./src/ucx/kernel/ucx.o
                0x0000000080000aca                ucx_task_yield
 .text.ucx_task_delay
                0x0000000080000acc       0x54 ./src/ucx/kernel/ucx.o
                0x0000000080000acc                ucx_task_delay
 .text.ucx_task_id
                0x0000000080000b20       0x14 ./src/ucx/kernel/ucx.o
                0x0000000080000b20                ucx_task_id
 .text.startup.main
                0x0000000080000b34       0xe0 ./src/ucx/init/main.o
                0x0000000080000b34                main
 .text.system_init
                0x0000000080000c14        0x2 ./src/startup/init.o
                0x0000000080000c14                system_init
 .text.PQCLEAN_KYBER512_CLEAN_cbd_eta1
                0x0000000080000c16       0x76 ./src/kyber/cbd.o
                0x0000000080000c16                PQCLEAN_KYBER512_CLEAN_cbd_eta1
 .text.PQCLEAN_KYBER512_CLEAN_cbd_eta2
                0x0000000080000c8c       0x76 ./src/kyber/cbd.o
                0x0000000080000c8c                PQCLEAN_KYBER512_CLEAN_cbd_eta2
 .text.keccakf1600
                0x0000000080000d02      0x172 ./src/kyber/fips202.o
 .text.keccak_squeeze
                0x0000000080000e74       0xae ./src/kyber/fips202.o
 .text.keccak_absorb
                0x0000000080000f22       0xfe ./src/kyber/fips202.o
 .text.shake128_absorb
                0x0000000080001020        0xc ./src/kyber/fips202.o
                0x0000000080001020                shake128_absorb
 .text.shake128_squeezeblocks
                0x000000008000102c       0x66 ./src/kyber/fips202.o
                0x000000008000102c                shake128_squeezeblocks
 .text.shake128_ctx_release
                0x0000000080001092        0x2 ./src/kyber/fips202.o
                0x0000000080001092                shake128_ctx_release
 .text.shake256
                0x0000000080001094       0x38 ./src/kyber/fips202.o
                0x0000000080001094                shake256
 .text.sha3_256
                0x00000000800010cc       0x38 ./src/kyber/fips202.o
                0x00000000800010cc                sha3_256
 .text.sha3_512
                0x0000000080001104       0x38 ./src/kyber/fips202.o
                0x0000000080001104                sha3_512
 .text.rej_uniform
                0x000000008000113c       0x7c ./src/kyber/indcpa.o
 .text.PQCLEAN_KYBER512_CLEAN_gen_matrix
                0x00000000800011b8      0x138 ./src/kyber/indcpa.o
                0x00000000800011b8                PQCLEAN_KYBER512_CLEAN_gen_matrix
 .text.PQCLEAN_KYBER512_CLEAN_indcpa_keypair
                0x00000000800012f0      0x168 ./src/kyber/indcpa.o
                0x00000000800012f0                PQCLEAN_KYBER512_CLEAN_indcpa_keypair
 .text.PQCLEAN_KYBER512_CLEAN_indcpa_enc
                0x0000000080001458      0x1be ./src/kyber/indcpa.o
                0x0000000080001458                PQCLEAN_KYBER512_CLEAN_indcpa_enc
 .text.PQCLEAN_KYBER512_CLEAN_indcpa_dec
                0x0000000080001616       0xc0 ./src/kyber/indcpa.o
                0x0000000080001616                PQCLEAN_KYBER512_CLEAN_indcpa_dec
 .text.PQCLEAN_KYBER512_CLEAN_crypto_kem_keypair
                0x00000000800016d6       0x52 ./src/kyber/kem.o
                0x00000000800016d6                PQCLEAN_KYBER512_CLEAN_crypto_kem_keypair
 .text.PQCLEAN_KYBER512_CLEAN_crypto_kem_enc
                0x0000000080001728       0x74 ./src/kyber/kem.o
                0x0000000080001728                PQCLEAN_KYBER512_CLEAN_crypto_kem_enc
 .text.PQCLEAN_KYBER512_CLEAN_crypto_kem_dec
                0x000000008000179c       0xb8 ./src/kyber/kem.o
                0x000000008000179c                PQCLEAN_KYBER512_CLEAN_crypto_kem_dec
 .text.PQCLEAN_KYBER512_CLEAN_ntt
                0x0000000080001854       0xbc ./src/kyber/ntt.o
                0x0000000080001854                PQCLEAN_KYBER512_CLEAN_ntt
 .text.PQCLEAN_KYBER512_CLEAN_invntt
                0x0000000080001910       0xf6 ./src/kyber/ntt.o
                0x0000000080001910                PQCLEAN_KYBER512_CLEAN_invntt
 .text.PQCLEAN_KYBER512_CLEAN_basemul
                0x0000000080001a06       0x88 ./src/kyber/ntt.o
                0x0000000080001a06                PQCLEAN_KYBER512_CLEAN_basemul
 .text.PQCLEAN_KYBER512_CLEAN_poly_decompress
                0x0000000080001a8e       0x3e ./src/kyber/poly.o
                0x0000000080001a8e                PQCLEAN_KYBER512_CLEAN_poly_decompress
 .text.PQCLEAN_KYBER512_CLEAN_poly_frombytes
                0x0000000080001acc       0x3a ./src/kyber/poly.o
                0x0000000080001acc                PQCLEAN_KYBER512_CLEAN_poly_frombytes
 .text.PQCLEAN_KYBER512_CLEAN_poly_frommsg
                0x0000000080001b06       0x3a ./src/kyber/poly.o
                0x0000000080001b06                PQCLEAN_KYBER512_CLEAN_poly_frommsg
 .text.PQCLEAN_KYBER512_CLEAN_poly_getnoise_eta1
                0x0000000080001b40       0x26 ./src/kyber/poly.o
                0x0000000080001b40                PQCLEAN_KYBER512_CLEAN_poly_getnoise_eta1
 .text.PQCLEAN_KYBER512_CLEAN_poly_getnoise_eta2
                0x0000000080001b66       0x26 ./src/kyber/poly.o
                0x0000000080001b66                PQCLEAN_KYBER512_CLEAN_poly_getnoise_eta2
 .text.PQCLEAN_KYBER512_CLEAN_poly_invntt_tomont
                0x0000000080001b8c        0x2 ./src/kyber/poly.o
                0x0000000080001b8c                PQCLEAN_KYBER512_CLEAN_poly_invntt_tomont
 .text.PQCLEAN_KYBER512_CLEAN_poly_basemul_montgomery
                0x0000000080001b8e       0x7c ./src/kyber/poly.o
                0x0000000080001b8e                PQCLEAN_KYBER512_CLEAN_poly_basemul_montgomery
 .text.PQCLEAN_KYBER512_CLEAN_poly_tomont
                0x0000000080001c0a       0x36 ./src/kyber/poly.o
                0x0000000080001c0a                PQCLEAN_KYBER512_CLEAN_poly_tomont
 .text.PQCLEAN_KYBER512_CLEAN_poly_reduce
                0x0000000080001c40       0x2a ./src/kyber/poly.o
                0x0000000080001c40                PQCLEAN_KYBER512_CLEAN_poly_reduce
 .text.PQCLEAN_KYBER512_CLEAN_poly_ntt
                0x0000000080001c6a       0x16 ./src/kyber/poly.o
                0x0000000080001c6a                PQCLEAN_KYBER512_CLEAN_poly_ntt
 .text.PQCLEAN_KYBER512_CLEAN_poly_csubq
                0x0000000080001c80       0x2a ./src/kyber/poly.o
                0x0000000080001c80                PQCLEAN_KYBER512_CLEAN_poly_csubq
 .text.PQCLEAN_KYBER512_CLEAN_poly_compress
                0x0000000080001caa       0xa6 ./src/kyber/poly.o
                0x0000000080001caa                PQCLEAN_KYBER512_CLEAN_poly_compress
 .text.PQCLEAN_KYBER512_CLEAN_poly_tobytes
                0x0000000080001d50       0x48 ./src/kyber/poly.o
                0x0000000080001d50                PQCLEAN_KYBER512_CLEAN_poly_tobytes
 .text.PQCLEAN_KYBER512_CLEAN_poly_tomsg
                0x0000000080001d98       0x6a ./src/kyber/poly.o
                0x0000000080001d98                PQCLEAN_KYBER512_CLEAN_poly_tomsg
 .text.PQCLEAN_KYBER512_CLEAN_poly_add
                0x0000000080001e02       0x2a ./src/kyber/poly.o
                0x0000000080001e02                PQCLEAN_KYBER512_CLEAN_poly_add
 .text.PQCLEAN_KYBER512_CLEAN_poly_sub
                0x0000000080001e2c       0x2a ./src/kyber/poly.o
                0x0000000080001e2c                PQCLEAN_KYBER512_CLEAN_poly_sub
 .text.PQCLEAN_KYBER512_CLEAN_polyvec_decompress
                0x0000000080001e56       0xb4 ./src/kyber/polyvec.o
                0x0000000080001e56                PQCLEAN_KYBER512_CLEAN_polyvec_decompress
 .text.PQCLEAN_KYBER512_CLEAN_polyvec_tobytes
                0x0000000080001f0a       0x22 ./src/kyber/polyvec.o
                0x0000000080001f0a                PQCLEAN_KYBER512_CLEAN_polyvec_tobytes
 .text.PQCLEAN_KYBER512_CLEAN_polyvec_frombytes
                0x0000000080001f2c       0x22 ./src/kyber/polyvec.o
                0x0000000080001f2c                PQCLEAN_KYBER512_CLEAN_polyvec_frombytes
 .text.PQCLEAN_KYBER512_CLEAN_polyvec_ntt
                0x0000000080001f4e       0x18 ./src/kyber/polyvec.o
                0x0000000080001f4e                PQCLEAN_KYBER512_CLEAN_polyvec_ntt
 .text.PQCLEAN_KYBER512_CLEAN_polyvec_invntt_tomont
                0x0000000080001f66       0x18 ./src/kyber/polyvec.o
                0x0000000080001f66                PQCLEAN_KYBER512_CLEAN_polyvec_invntt_tomont
 .text.PQCLEAN_KYBER512_CLEAN_polyvec_pointwise_acc_montgomery
                0x0000000080001f7e       0x52 ./src/kyber/polyvec.o
                0x0000000080001f7e                PQCLEAN_KYBER512_CLEAN_polyvec_pointwise_acc_montgomery
 .text.PQCLEAN_KYBER512_CLEAN_polyvec_reduce
                0x0000000080001fd0       0x18 ./src/kyber/polyvec.o
                0x0000000080001fd0                PQCLEAN_KYBER512_CLEAN_polyvec_reduce
 .text.PQCLEAN_KYBER512_CLEAN_polyvec_csubq
                0x0000000080001fe8       0x18 ./src/kyber/polyvec.o
                0x0000000080001fe8                PQCLEAN_KYBER512_CLEAN_polyvec_csubq
 .text.PQCLEAN_KYBER512_CLEAN_polyvec_compress
                0x0000000080002000       0xca ./src/kyber/polyvec.o
                0x0000000080002000                PQCLEAN_KYBER512_CLEAN_polyvec_compress
 .text.PQCLEAN_KYBER512_CLEAN_polyvec_add
                0x00000000800020ca       0x2c ./src/kyber/polyvec.o
                0x00000000800020ca                PQCLEAN_KYBER512_CLEAN_polyvec_add
 .text.randombytes
                0x00000000800020f6       0xaa ./src/kyber/randombytes.o
                0x00000000800020f6                randombytes
 .text.PQCLEAN_KYBER512_CLEAN_montgomery_reduce
                0x00000000800021a0       0x2c ./src/kyber/reduce.o
                0x00000000800021a0                PQCLEAN_KYBER512_CLEAN_montgomery_reduce
 .text.PQCLEAN_KYBER512_CLEAN_barrett_reduce
                0x00000000800021cc       0x24 ./src/kyber/reduce.o
                0x00000000800021cc                PQCLEAN_KYBER512_CLEAN_barrett_reduce
 .text.PQCLEAN_KYBER512_CLEAN_csubq
                0x00000000800021f0       0x2c ./src/kyber/reduce.o
                0x00000000800021f0                PQCLEAN_KYBER512_CLEAN_csubq
 .text.PQCLEAN_KYBER512_CLEAN_kyber_shake128_absorb
                0x000000008000221c       0x3a ./src/kyber/symmetric-shake.o
                0x000000008000221c                PQCLEAN_KYBER512_CLEAN_kyber_shake128_absorb
 .text.PQCLEAN_KYBER512_CLEAN_kyber_shake128_squeezeblocks
                0x0000000080002256        0x4 ./src/kyber/symmetric-shake.o
                0x0000000080002256                PQCLEAN_KYBER512_CLEAN_kyber_shake128_squeezeblocks
 .text.PQCLEAN_KYBER512_CLEAN_shake256_prf
                0x000000008000225a       0x36 ./src/kyber/symmetric-shake.o
                0x000000008000225a                PQCLEAN_KYBER512_CLEAN_shake256_prf
 .text.PQCLEAN_KYBER512_CLEAN_verify
                0x0000000080002290       0x28 ./src/kyber/verify.o
                0x0000000080002290                PQCLEAN_KYBER512_CLEAN_verify
 .text.PQCLEAN_KYBER512_CLEAN_cmov
                0x00000000800022b8       0x32 ./src/kyber/verify.o
                0x00000000800022b8                PQCLEAN_KYBER512_CLEAN_cmov
 .text.fabric_accel_set_leds
                0x00000000800022ea        0x8 ./src/drivers/fabric_accel.o
                0x00000000800022ea                fabric_accel_set_leds
 .text.__kbhit  0x00000000800022f2        0x2 ./src/bsp/hal.o
 .text.__getchar
                0x00000000800022f4       0x12 ./src/bsp/hal.o
 .text.__putchar
                0x0000000080002306        0x2 ./src/bsp/hal.o
 .text._interrupt_set
                0x0000000080002308       0x2c ./src/bsp/hal.o
                0x0000000080002308                _interrupt_set
 .text._irq_handler
                0x0000000080002334       0x7e ./src/bsp/hal.o
                0x0000000080002334                _irq_handler
 .text._read_us
                0x00000000800023b2        0x2 ./src/bsp/hal.o
                0x00000000800023b2                _read_us
 .text._cpu_idle
                0x00000000800023b4        0x6 ./src/bsp/hal.o
                0x00000000800023b4                _cpu_idle
 .text._cpu_id  0x00000000800023ba        0xa ./src/bsp/hal.o
                0x00000000800023ba                _cpu_id
 .text._hardware_init
                0x00000000800023c4       0x36 ./src/bsp/hal.o
                0x00000000800023c4                _hardware_init
 .text._timer_enable
                0x00000000800023fa        0xe ./src/bsp/hal.o
                0x00000000800023fa                _timer_enable
 .text._interrupt_tick
                0x0000000080002408       0x1c ./src/bsp/hal.o
                0x0000000080002408                _interrupt_tick
 .text._dispatch_init
                0x0000000080002424       0x3e ./src/bsp/hal.o
                0x0000000080002424                _dispatch_init
 .text._context_init
                0x0000000080002462        0x8 ./src/bsp/hal.o
                0x0000000080002462                _context_init
 .text.mpfs_clint_mtime_read
                0x000000008000246a       0x24 ./src/bsp/mpfs_clint.o
                0x000000008000246a                mpfs_clint_mtime_read
 .text.mpfs_clint_mtimecmp_write
                0x000000008000248e       0x24 ./src/bsp/mpfs_clint.o
                0x000000008000248e                mpfs_clint_mtimecmp_write
 .text.mpfs_clint_arm_tick
                0x00000000800024b2       0x36 ./src/bsp/mpfs_clint.o
                0x00000000800024b2                mpfs_clint_arm_tick
 .text.mpfs_uart_init
                0x00000000800024e8       0x54 ./src/bsp/mpfs_uart.o
                0x00000000800024e8                mpfs_uart_init
 .text.mpfs_uart_putc
                0x000000008000253c       0x30 ./src/bsp/mpfs_uart.o
                0x000000008000253c                mpfs_uart_putc
 .text.mpfs_uart_kbhit
                0x000000008000256c        0xa ./src/bsp/mpfs_uart.o
                0x000000008000256c                mpfs_uart_kbhit
 .text.mpfs_uart_getc_nonblock
                0x0000000080002576       0x1e ./src/bsp/mpfs_uart.o
                0x0000000080002576                mpfs_uart_getc_nonblock
 .text.trng_init
                0x0000000080002594        0xe ./src/bsp/trng.o
                0x0000000080002594                trng_init
 .text.trng_ready
                0x00000000800025a2        0xa ./src/bsp/trng.o
                0x00000000800025a2                trng_ready
 .text.trng_failed
                0x00000000800025ac        0xc ./src/bsp/trng.o
                0x00000000800025ac                trng_failed
 .text.trng_read_word
                0x00000000800025b8        0xa ./src/bsp/trng.o
                0x00000000800025b8                trng_read_word
 .text.stats_update
                0x00000000800025c2       0x72 ./src/app/app_main.o
 .text.print_metric
                0x0000000080002634       0xb2 ./src/app/app_main.o
 .text.idle_task
                0x00000000800026e6        0xa ./src/app/app_main.o
 .text.pqc_task
                0x00000000800026f0      0x2c2 ./src/app/app_main.o
 .text.app_main
                0x00000000800029b2       0x34 ./src/app/app_main.o
                0x00000000800029b2                app_main
                0x00000000800029e8                . = ALIGN (0x8)
 *fill*         0x00000000800029e6        0x2 
                0x00000000800029e8                _etext = .

.rodata         0x00000000800029e8      0x7f8
                0x00000000800029e8                . = ALIGN (0x8)
                0x00000000800029e8                _rodata = .
 *(.rdata)
 *(.rodata)
 *(.rodata.*)
 .rodata.ucx_vsprintf.str1.8
                0x00000000800029e8       0x19 ./src/ucx/lib/libc.o
 *fill*         0x0000000080002a01        0x7 
 .rodata.str1.8
                0x0000000080002a08      0x17f ./src/ucx/kernel/ecodes.o
 *fill*         0x0000000080002b87        0x1 
 .rodata.krnl_panic.str1.8
                0x0000000080002b88       0x17 ./src/ucx/kernel/ucx.o
 *fill*         0x0000000080002b9f        0x1 
 .rodata.stack_check.str1.8
                0x0000000080002ba0       0x25 ./src/ucx/kernel/ucx.o
 *fill*         0x0000000080002bc5        0x3 
 .rodata.ucx_task_spawn.str1.8
                0x0000000080002bc8       0x2e ./src/ucx/kernel/ucx.o
 *fill*         0x0000000080002bf6        0x2 
 .rodata.main.str1.8
                0x0000000080002bf8       0x48 ./src/ucx/init/main.o
 .rodata.PI.1237
                0x0000000080002c40       0x60 ./src/kyber/fips202.o
 .rodata.R.1236
                0x0000000080002ca0       0x60 ./src/kyber/fips202.o
 .rodata.RC.1235
                0x0000000080002d00       0xc0 ./src/kyber/fips202.o
 .rodata.PQCLEAN_KYBER512_CLEAN_zetas
                0x0000000080002dc0      0x100 ./src/kyber/ntt.o
                0x0000000080002dc0                PQCLEAN_KYBER512_CLEAN_zetas
 .rodata.PQCLEAN_KYBER512_CLEAN_zetas_inv
                0x0000000080002ec0      0x100 ./src/kyber/ntt.o
                0x0000000080002ec0                PQCLEAN_KYBER512_CLEAN_zetas_inv
 .rodata._irq_handler.str1.8
                0x0000000080002fc0       0x29 ./src/bsp/hal.o
 *fill*         0x0000000080002fe9        0x7 
 .rodata.app_main.str1.8
                0x0000000080002ff0       0x28 ./src/app/app_main.o
 .rodata.pqc_task.str1.8
                0x0000000080003018      0x13f ./src/app/app_main.o
                                        0x142 (size before relaxing)
 *fill*         0x0000000080003157        0x1 
 .rodata.print_metric.str1.8
                0x0000000080003158       0x68 ./src/app/app_main.o
                                         0x67 (size before relaxing)
 .rodata.sha3_256_abc_expected.1822
                0x00000000800031c0       0x20 ./src/app/app_main.o
 *(.srodata)
 *(.srodata.*)
                0x00000000800031e0                . = ALIGN (0x8)
                0x00000000800031e0                _erodata = .

.rela.dyn       0x00000000800031e0        0x0
 .rela.text.ucx_free
                0x00000000800031e0        0x0 ./src/ucx/lib/console.o
 .rela.text.ucx_malloc
                0x00000000800031e0        0x0 ./src/ucx/lib/console.o
 .rela.text.ucx_heap_init
                0x00000000800031e0        0x0 ./src/ucx/lib/console.o
 .rela.text.krnl_dispatcher
                0x00000000800031e0        0x0 ./src/ucx/lib/console.o
 .rela.text.ucx_task_yield
                0x00000000800031e0        0x0 ./src/ucx/lib/console.o
 .rela.text.ucx_task_delay
                0x00000000800031e0        0x0 ./src/ucx/lib/console.o
 .rela.text.startup.main
                0x00000000800031e0        0x0 ./src/ucx/lib/console.o
 .rela.text.prologue
                0x00000000800031e0        0x0 ./src/ucx/lib/console.o

.data           0x00000000800031e0      0x210
                0x00000000800031e0                . = ALIGN (0x8)
                0x00000000800031e0                _sdata = .
 *(.data)
 *(.data.*)
 .data.edatadesc
                0x00000000800031e0      0x120 ./src/ucx/kernel/ecodes.o
 .data.kernel_state
                0x0000000080003300       0xc8 ./src/ucx/kernel/ucx.o
                0x0000000080003300                kernel_state
                0x0000000080003bc8                _gp = (. + 0x800)
 *(.sdata)
 *(.sdata.*)
 .sdata._stdin_hook
                0x00000000800033c8        0x8 ./src/ucx/lib/console.o
 .sdata._stdout_hook
                0x00000000800033d0        0x8 ./src/ucx/lib/console.o
 .sdata._stdpoll_hook
                0x00000000800033d8        0x8 ./src/ucx/lib/console.o
 .sdata.perror  0x00000000800033e0        0x8 ./src/ucx/kernel/ecodes.o
                0x00000000800033e0                perror
 .sdata.kcb     0x00000000800033e8        0x8 ./src/ucx/kernel/ucx.o
                0x00000000800033e8                kcb
                0x00000000800033f0                . = ALIGN (0x8)
                0x00000000800033f0                _edata = .
                0x00000000800031e0                _sidata = LOADADDR (.data)

.bss            0x00000000800033f0      0xd20
                0x00000000800033f0                . = ALIGN (0x8)
                0x00000000800033f0                _sbss = .
 *(.sbss)
 *(.sbss.*)
 .sbss.bytes_left.1044
                0x00000000800033f0        0x4 ./src/kyber/randombytes.o
 .sbss.initialized.1042
                0x00000000800033f4        0x1 ./src/kyber/randombytes.o
 *fill*         0x00000000800033f5        0x3 
 .sbss.word.1043
                0x00000000800033f8        0x4 ./src/kyber/randombytes.o
 *fill*         0x00000000800033fc        0x4 
 .sbss.g_last_trap_cause
                0x0000000080003400        0x8 ./src/bsp/hal.o
                0x0000000080003400                g_last_trap_cause
 .sbss.g_last_trap_epc
                0x0000000080003408        0x8 ./src/bsp/hal.o
                0x0000000080003408                g_last_trap_epc
 .sbss.g_last_trap_tval
                0x0000000080003410        0x8 ./src/bsp/hal.o
                0x0000000080003410                g_last_trap_tval
 .sbss.int_status.1301
                0x0000000080003418        0x4 ./src/bsp/hal.o
 *(.bss)
 *(.bss.*)
 *fill*         0x000000008000341c        0x4 
 .bss.g_ct      0x0000000080003420      0x300 ./src/app/app_main.o
 .bss.g_hash_out
                0x0000000080003720       0x20 ./src/app/app_main.o
 .bss.g_pk      0x0000000080003740      0x320 ./src/app/app_main.o
 .bss.g_sk      0x0000000080003a60      0x660 ./src/app/app_main.o
 .bss.g_ss_dec  0x00000000800040c0       0x20 ./src/app/app_main.o
 .bss.g_ss_enc  0x00000000800040e0       0x20 ./src/app/app_main.o
 *(COMMON)
 COMMON         0x0000000080004100       0x10 ./src/ucx/lib/malloc.o
                0x0000000080004100                last_free
                0x0000000080004108                first_free
                0x0000000080004110                . = ALIGN (0x8)
                0x0000000080004110                _ebss = .
                0x0000000080004110                _end = .
                0x0000000080004110                __bss_end = _ebss
                0x0000000080100000                __stack = _stack
                0x0000000080004110                _heap_start = _ebss
                0x00000000800f0000                _heap_end = _stack_end
                0x00000000000ebef0                _heap_size = (_heap_end - _heap_start)

/DISCARD/
 *(.comment*)
 *(.note*)
 *(.eh_frame*)
 *(.eh_frame_hdr*)
OUTPUT(ucx_and_pqc_mpfs_u54.elf elf64-littleriscv)

.riscv.attributes
                0x0000000000000000       0x2b
 .riscv.attributes
                0x0000000000000000       0x2b ./src/ucx/lib/console.o
 .riscv.attributes
                0x000000000000002b       0x2b ./src/ucx/lib/libc.o
 .riscv.attributes
                0x0000000000000056       0x2b ./src/ucx/lib/list.o
 .riscv.attributes
                0x0000000000000081       0x2b ./src/ucx/lib/malloc.o
 .riscv.attributes
                0x00000000000000ac       0x2b ./src/ucx/kernel/ecodes.o
 .riscv.attributes
                0x00000000000000d7       0x2b ./src/ucx/kernel/ucx.o
 .riscv.attributes
                0x0000000000000102       0x2b ./src/ucx/init/main.o
 .riscv.attributes
                0x000000000000012d       0x29 ./src/startup/entry.o
 .riscv.attributes
                0x0000000000000156       0x2b ./src/startup/init.o
 .riscv.attributes
                0x0000000000000181       0x2b ./src/kyber/cbd.o
 .riscv.attributes
                0x00000000000001ac       0x2b ./src/kyber/fips202.o
 .riscv.attributes
                0x00000000000001d7       0x2b ./src/kyber/indcpa.o
 .riscv.attributes
                0x0000000000000202       0x2b ./src/kyber/kem.o
 .riscv.attributes
                0x000000000000022d       0x2b ./src/kyber/ntt.o
 .riscv.attributes
                0x0000000000000258       0x2b ./src/kyber/poly.o
 .riscv.attributes
                0x0000000000000283       0x2b ./src/kyber/polyvec.o
 .riscv.attributes
                0x00000000000002ae       0x2b ./src/kyber/randombytes.o
 .riscv.attributes
                0x00000000000002d9       0x2b ./src/kyber/reduce.o
 .riscv.attributes
                0x0000000000000304       0x2b ./src/kyber/symmetric-shake.o
 .riscv.attributes
                0x000000000000032f       0x2b ./src/kyber/verify.o
 .riscv.attributes
                0x000000000000035a       0x2b ./src/drivers/fabric_accel.o
 .riscv.attributes
                0x0000000000000385       0x2b ./src/bsp/hal.o
 .riscv.attributes
                0x00000000000003b0       0x2b ./src/bsp/mpfs_clint.o
 .riscv.attributes
                0x00000000000003db       0x2b ./src/bsp/mpfs_uart.o
 .riscv.attributes
                0x0000000000000406       0x2b ./src/bsp/trng.o
 .riscv.attributes
                0x0000000000000431       0x2b ./src/app/app_main.o

.debug_info     0x0000000000000000     0xaf85
 .debug_info    0x0000000000000000      0x462 ./src/ucx/lib/console.o
 .debug_info    0x0000000000000462     0x1111 ./src/ucx/lib/libc.o
 .debug_info    0x0000000000001573      0xff7 ./src/ucx/lib/list.o
 .debug_info    0x000000000000256a      0x5f5 ./src/ucx/lib/malloc.o
 .debug_info    0x0000000000002b5f      0x37e ./src/ucx/kernel/ecodes.o
 .debug_info    0x0000000000002edd     0x1187 ./src/ucx/kernel/ucx.o
 .debug_info    0x0000000000004064      0x586 ./src/ucx/init/main.o
 .debug_info    0x00000000000045ea       0x2e ./src/startup/entry.o
 .debug_info    0x0000000000004618       0x48 ./src/startup/init.o
 .debug_info    0x0000000000004660      0x371 ./src/kyber/cbd.o
 .debug_info    0x00000000000049d1      0xd84 ./src/kyber/fips202.o
 .debug_info    0x0000000000005755     0x1052 ./src/kyber/indcpa.o
 .debug_info    0x00000000000067a7      0x514 ./src/kyber/kem.o
 .debug_info    0x0000000000006cbb      0x45a ./src/kyber/ntt.o
 .debug_info    0x0000000000007115      0x84f ./src/kyber/poly.o
 .debug_info    0x0000000000007964      0x6d9 ./src/kyber/polyvec.o
 .debug_info    0x000000000000803d      0x18c ./src/kyber/randombytes.o
 .debug_info    0x00000000000081c9      0x148 ./src/kyber/reduce.o
 .debug_info    0x0000000000008311      0xb8b ./src/kyber/symmetric-shake.o
 .debug_info    0x0000000000008e9c      0x16d ./src/kyber/verify.o
 .debug_info    0x0000000000009009      0x125 ./src/drivers/fabric_accel.o
 .debug_info    0x000000000000912e      0xa94 ./src/bsp/hal.o
 .debug_info    0x0000000000009bc2      0x1ce ./src/bsp/mpfs_clint.o
 .debug_info    0x0000000000009d90      0x14c ./src/bsp/mpfs_uart.o
 .debug_info    0x0000000000009edc       0xfb ./src/bsp/trng.o
 .debug_info    0x0000000000009fd7      0xfae ./src/app/app_main.o

.debug_abbrev   0x0000000000000000     0x2a10
 .debug_abbrev  0x0000000000000000      0x1a5 ./src/ucx/lib/console.o
 .debug_abbrev  0x00000000000001a5      0x3b3 ./src/ucx/lib/libc.o
 .debug_abbrev  0x0000000000000558      0x2b9 ./src/ucx/lib/list.o
 .debug_abbrev  0x0000000000000811      0x1c3 ./src/ucx/lib/malloc.o
 .debug_abbrev  0x00000000000009d4      0x100 ./src/ucx/kernel/ecodes.o
 .debug_abbrev  0x0000000000000ad4      0x37c ./src/ucx/kernel/ucx.o
 .debug_abbrev  0x0000000000000e50      0x19a ./src/ucx/init/main.o
 .debug_abbrev  0x0000000000000fea       0x14 ./src/startup/entry.o
 .debug_abbrev  0x0000000000000ffe       0x31 ./src/startup/init.o
 .debug_abbrev  0x000000000000102f      0x169 ./src/kyber/cbd.o
 .debug_abbrev  0x0000000000001198      0x2c0 ./src/kyber/fips202.o
 .debug_abbrev  0x0000000000001458      0x2d7 ./src/kyber/indcpa.o
 .debug_abbrev  0x000000000000172f      0x100 ./src/kyber/kem.o
 .debug_abbrev  0x000000000000182f      0x173 ./src/kyber/ntt.o
 .debug_abbrev  0x00000000000019a2      0x1d4 ./src/kyber/poly.o
 .debug_abbrev  0x0000000000001b76      0x134 ./src/kyber/polyvec.o
 .debug_abbrev  0x0000000000001caa       0xb4 ./src/kyber/randombytes.o
 .debug_abbrev  0x0000000000001d5e       0xb0 ./src/kyber/reduce.o
 .debug_abbrev  0x0000000000001e0e      0x25f ./src/kyber/symmetric-shake.o
 .debug_abbrev  0x000000000000206d       0xb7 ./src/kyber/verify.o
 .debug_abbrev  0x0000000000002124       0xb9 ./src/drivers/fabric_accel.o
 .debug_abbrev  0x00000000000021dd      0x310 ./src/bsp/hal.o
 .debug_abbrev  0x00000000000024ed      0x10a ./src/bsp/mpfs_clint.o
 .debug_abbrev  0x00000000000025f7       0xe5 ./src/bsp/mpfs_uart.o
 .debug_abbrev  0x00000000000026dc       0x72 ./src/bsp/trng.o
 .debug_abbrev  0x000000000000274e      0x2c2 ./src/app/app_main.o

.debug_loc      0x0000000000000000     0xa01e
 .debug_loc     0x0000000000000000       0x72 ./src/ucx/lib/console.o
 .debug_loc     0x0000000000000072     0x23ea ./src/ucx/lib/libc.o
 .debug_loc     0x000000000000245c     0x138a ./src/ucx/lib/list.o
 .debug_loc     0x00000000000037e6      0x49c ./src/ucx/lib/malloc.o
 .debug_loc     0x0000000000003c82      0xb03 ./src/ucx/kernel/ucx.o
 .debug_loc     0x0000000000004785       0x5c ./src/ucx/init/main.o
 .debug_loc     0x00000000000047e1      0x36b ./src/kyber/cbd.o
 .debug_loc     0x0000000000004b4c     0x10b3 ./src/kyber/fips202.o
 .debug_loc     0x0000000000005bff      0xea4 ./src/kyber/indcpa.o
 .debug_loc     0x0000000000006aa3      0x37a ./src/kyber/kem.o
 .debug_loc     0x0000000000006e1d      0x772 ./src/kyber/ntt.o
 .debug_loc     0x000000000000758f      0xac7 ./src/kyber/poly.o
 .debug_loc     0x0000000000008056      0x97e ./src/kyber/polyvec.o
 .debug_loc     0x00000000000089d4       0xd1 ./src/kyber/randombytes.o
 .debug_loc     0x0000000000008aa5      0x1b1 ./src/kyber/reduce.o
 .debug_loc     0x0000000000008c56      0x31e ./src/kyber/symmetric-shake.o
 .debug_loc     0x0000000000008f74      0x165 ./src/kyber/verify.o
 .debug_loc     0x00000000000090d9      0x445 ./src/bsp/hal.o
 .debug_loc     0x000000000000951e      0x162 ./src/bsp/mpfs_clint.o
 .debug_loc     0x0000000000009680       0xa8 ./src/bsp/mpfs_uart.o
 .debug_loc     0x0000000000009728      0x8f6 ./src/app/app_main.o

.debug_aranges  0x0000000000000000      0xfb0
 .debug_aranges
                0x0000000000000000       0xa0 ./src/ucx/lib/console.o
 .debug_aranges
                0x00000000000000a0      0x210 ./src/ucx/lib/libc.o
 .debug_aranges
                0x00000000000002b0      0x200 ./src/ucx/lib/list.o
 .debug_aranges
                0x00000000000004b0       0x70 ./src/ucx/lib/malloc.o
 .debug_aranges
                0x0000000000000520       0x20 ./src/ucx/kernel/ecodes.o
 .debug_aranges
                0x0000000000000540      0x190 ./src/ucx/kernel/ucx.o
 .debug_aranges
                0x00000000000006d0       0x40 ./src/ucx/init/main.o
 .debug_aranges
                0x0000000000000710       0x30 ./src/startup/entry.o
 .debug_aranges
                0x0000000000000740       0x30 ./src/startup/init.o
 .debug_aranges
                0x0000000000000770       0x40 ./src/kyber/cbd.o
 .debug_aranges
                0x00000000000007b0       0xf0 ./src/kyber/fips202.o
 .debug_aranges
                0x00000000000008a0       0x70 ./src/kyber/indcpa.o
 .debug_aranges
                0x0000000000000910       0x50 ./src/kyber/kem.o
 .debug_aranges
                0x0000000000000960       0x50 ./src/kyber/ntt.o
 .debug_aranges
                0x00000000000009b0      0x120 ./src/kyber/poly.o
 .debug_aranges
                0x0000000000000ad0       0xc0 ./src/kyber/polyvec.o
 .debug_aranges
                0x0000000000000b90       0x30 ./src/kyber/randombytes.o
 .debug_aranges
                0x0000000000000bc0       0x50 ./src/kyber/reduce.o
 .debug_aranges
                0x0000000000000c10       0x50 ./src/kyber/symmetric-shake.o
 .debug_aranges
                0x0000000000000c60       0x40 ./src/kyber/verify.o
 .debug_aranges
                0x0000000000000ca0       0x70 ./src/drivers/fabric_accel.o
 .debug_aranges
                0x0000000000000d10      0x120 ./src/bsp/hal.o
 .debug_aranges
                0x0000000000000e30       0x50 ./src/bsp/mpfs_clint.o
 .debug_aranges
                0x0000000000000e80       0x60 ./src/bsp/mpfs_uart.o
 .debug_aranges
                0x0000000000000ee0       0x60 ./src/bsp/trng.o
 .debug_aranges
                0x0000000000000f40       0x70 ./src/app/app_main.o

.debug_ranges   0x0000000000000000     0x1890
 .debug_ranges  0x0000000000000000       0x90 ./src/ucx/lib/console.o
 .debug_ranges  0x0000000000000090      0x290 ./src/ucx/lib/libc.o
 .debug_ranges  0x0000000000000320      0x220 ./src/ucx/lib/list.o
 .debug_ranges  0x0000000000000540       0x60 ./src/ucx/lib/malloc.o
 .debug_ranges  0x00000000000005a0      0x180 ./src/ucx/kernel/ucx.o
 .debug_ranges  0x0000000000000720       0x30 ./src/ucx/init/main.o
 .debug_ranges  0x0000000000000750       0x20 ./src/startup/init.o
 .debug_ranges  0x0000000000000770       0xc0 ./src/kyber/cbd.o
 .debug_ranges  0x0000000000000830      0x6f0 ./src/kyber/fips202.o
 .debug_ranges  0x0000000000000f20       0xf0 ./src/kyber/indcpa.o
 .debug_ranges  0x0000000000001010       0x40 ./src/kyber/kem.o
 .debug_ranges  0x0000000000001050      0x130 ./src/kyber/ntt.o
 .debug_ranges  0x0000000000001180      0x110 ./src/kyber/poly.o
 .debug_ranges  0x0000000000001290       0xb0 ./src/kyber/polyvec.o
 .debug_ranges  0x0000000000001340       0x20 ./src/kyber/randombytes.o
 .debug_ranges  0x0000000000001360       0x40 ./src/kyber/reduce.o
 .debug_ranges  0x00000000000013a0       0x40 ./src/kyber/symmetric-shake.o
 .debug_ranges  0x00000000000013e0       0x30 ./src/kyber/verify.o
 .debug_ranges  0x0000000000001410       0x60 ./src/drivers/fabric_accel.o
 .debug_ranges  0x0000000000001470      0x180 ./src/bsp/hal.o
 .debug_ranges  0x00000000000015f0       0x40 ./src/bsp/mpfs_clint.o
 .debug_ranges  0x0000000000001630       0x50 ./src/bsp/mpfs_uart.o
 .debug_ranges  0x0000000000001680       0x50 ./src/bsp/trng.o
 .debug_ranges  0x00000000000016d0      0x1c0 ./src/app/app_main.o

.debug_macro    0x0000000000000000     0x29fd
 .debug_macro   0x0000000000000000       0xad ./src/ucx/lib/console.o
 .debug_macro   0x00000000000000ad      0x77e ./src/ucx/lib/console.o
 .debug_macro   0x000000000000082b      0x34e ./src/ucx/lib/console.o
 .debug_macro   0x0000000000000b79      0x174 ./src/ucx/lib/console.o
 .debug_macro   0x0000000000000ced      0x124 ./src/ucx/lib/console.o
 .debug_macro   0x0000000000000e11       0x70 ./src/ucx/lib/console.o
 .debug_macro   0x0000000000000e81       0x1c ./src/ucx/lib/console.o
 .debug_macro   0x0000000000000e9d      0x328 ./src/ucx/lib/console.o
 .debug_macro   0x00000000000011c5       0xb8 ./src/ucx/lib/console.o
 .debug_macro   0x000000000000127d       0x58 ./src/ucx/lib/console.o
 .debug_macro   0x00000000000012d5       0xad ./src/ucx/lib/libc.o
 .debug_macro   0x0000000000001382       0xad ./src/ucx/lib/list.o
 .debug_macro   0x000000000000142f       0xad ./src/ucx/lib/malloc.o
 .debug_macro   0x00000000000014dc       0xad ./src/ucx/kernel/ecodes.o
 .debug_macro   0x0000000000001589       0xad ./src/ucx/kernel/ucx.o
 .debug_macro   0x0000000000001636       0xad ./src/ucx/init/main.o
 .debug_macro   0x00000000000016e3       0x11 ./src/startup/init.o
 .debug_macro   0x00000000000016f4       0x45 ./src/kyber/cbd.o
 .debug_macro   0x0000000000001739       0x7c ./src/kyber/cbd.o
 .debug_macro   0x00000000000017b5       0x6a ./src/kyber/cbd.o
 .debug_macro   0x000000000000181f       0x10 ./src/kyber/cbd.o
 .debug_macro   0x000000000000182f       0x5c ./src/kyber/fips202.o
 .debug_macro   0x000000000000188b       0x1c ./src/kyber/fips202.o
 .debug_macro   0x00000000000018a7       0xab ./src/kyber/indcpa.o
 .debug_macro   0x0000000000001952       0x40 ./src/kyber/indcpa.o
 .debug_macro   0x0000000000001992       0x1c ./src/kyber/indcpa.o
 .debug_macro   0x00000000000019ae       0x28 ./src/kyber/indcpa.o
 .debug_macro   0x00000000000019d6       0x34 ./src/kyber/indcpa.o
 .debug_macro   0x0000000000001a0a       0xaf ./src/kyber/kem.o
 .debug_macro   0x0000000000001ab9       0x16 ./src/kyber/kem.o
 .debug_macro   0x0000000000001acf       0x10 ./src/kyber/kem.o
 .debug_macro   0x0000000000001adf       0x3f ./src/kyber/ntt.o
 .debug_macro   0x0000000000001b1e       0x28 ./src/kyber/ntt.o
 .debug_macro   0x0000000000001b46       0x78 ./src/kyber/poly.o
 .debug_macro   0x0000000000001bbe       0x16 ./src/kyber/poly.o
 .debug_macro   0x0000000000001bd4       0x3f ./src/kyber/polyvec.o
 .debug_macro   0x0000000000001c13       0x46 ./src/kyber/polyvec.o
 .debug_macro   0x0000000000001c59       0x4c ./src/kyber/randombytes.o
 .debug_macro   0x0000000000001ca5       0x22 ./src/kyber/randombytes.o
 .debug_macro   0x0000000000001cc7       0x36 ./src/kyber/reduce.o
 .debug_macro   0x0000000000001cfd      0x132 ./src/kyber/symmetric-shake.o
 .debug_macro   0x0000000000001e2f       0x19 ./src/kyber/symmetric-shake.o
 .debug_macro   0x0000000000001e48       0x22 ./src/kyber/symmetric-shake.o
 .debug_macro   0x0000000000001e6a       0x52 ./src/kyber/symmetric-shake.o
 .debug_macro   0x0000000000001ebc       0x94 ./src/kyber/symmetric-shake.o
 .debug_macro   0x0000000000001f50       0x34 ./src/kyber/symmetric-shake.o
 .debug_macro   0x0000000000001f84       0x34 ./src/kyber/symmetric-shake.o
 .debug_macro   0x0000000000001fb8       0x16 ./src/kyber/symmetric-shake.o
 .debug_macro   0x0000000000001fce       0x35 ./src/kyber/symmetric-shake.o
 .debug_macro   0x0000000000002003       0x16 ./src/kyber/symmetric-shake.o
 .debug_macro   0x0000000000002019       0x43 ./src/kyber/symmetric-shake.o
 .debug_macro   0x000000000000205c       0x57 ./src/kyber/symmetric-shake.o
 .debug_macro   0x00000000000020b3       0x34 ./src/kyber/symmetric-shake.o
 .debug_macro   0x00000000000020e7       0x10 ./src/kyber/symmetric-shake.o
 .debug_macro   0x00000000000020f7       0x58 ./src/kyber/symmetric-shake.o
 .debug_macro   0x000000000000214f      0x182 ./src/kyber/symmetric-shake.o
 .debug_macro   0x00000000000022d1      0x339 ./src/kyber/symmetric-shake.o
 .debug_macro   0x000000000000260a       0x16 ./src/kyber/symmetric-shake.o
 .debug_macro   0x0000000000002620       0x29 ./src/kyber/symmetric-shake.o
 .debug_macro   0x0000000000002649       0x49 ./src/kyber/verify.o
 .debug_macro   0x0000000000002692       0x40 ./src/drivers/fabric_accel.o
 .debug_macro   0x00000000000026d2       0xd0 ./src/drivers/fabric_accel.o
 .debug_macro   0x00000000000027a2       0x6e ./src/bsp/hal.o
 .debug_macro   0x0000000000002810       0x10 ./src/bsp/hal.o
 .debug_macro   0x0000000000002820       0x10 ./src/bsp/hal.o
 .debug_macro   0x0000000000002830       0x3d ./src/bsp/mpfs_clint.o
 .debug_macro   0x000000000000286d       0x42 ./src/bsp/mpfs_uart.o
 .debug_macro   0x00000000000028af       0x43 ./src/bsp/trng.o
 .debug_macro   0x00000000000028f2      0x10b ./src/app/app_main.o

.debug_line     0x0000000000000000     0xcaa5
 .debug_line    0x0000000000000000      0x476 ./src/ucx/lib/console.o
 .debug_line    0x0000000000000476     0x1d28 ./src/ucx/lib/libc.o
 .debug_line    0x000000000000219e     0x1aa8 ./src/ucx/lib/list.o
 .debug_line    0x0000000000003c46      0x803 ./src/ucx/lib/malloc.o
 .debug_line    0x0000000000004449      0x302 ./src/ucx/kernel/ecodes.o
 .debug_line    0x000000000000474b     0x146a ./src/ucx/kernel/ucx.o
 .debug_line    0x0000000000005bb5      0x4b0 ./src/ucx/init/main.o
 .debug_line    0x0000000000006065      0x363 ./src/startup/entry.o
 .debug_line    0x00000000000063c8       0x50 ./src/startup/init.o
 .debug_line    0x0000000000006418      0x3c8 ./src/kyber/cbd.o
 .debug_line    0x00000000000067e0      0xdfd ./src/kyber/fips202.o
 .debug_line    0x00000000000075dd      0x76b ./src/kyber/indcpa.o
 .debug_line    0x0000000000007d48      0x33e ./src/kyber/kem.o
 .debug_line    0x0000000000008086      0x57e ./src/kyber/ntt.o
 .debug_line    0x0000000000008604      0xc65 ./src/kyber/poly.o
 .debug_line    0x0000000000009269      0x800 ./src/kyber/polyvec.o
 .debug_line    0x0000000000009a69      0x2ca ./src/kyber/randombytes.o
 .debug_line    0x0000000000009d33      0x207 ./src/kyber/reduce.o
 .debug_line    0x0000000000009f3a      0x437 ./src/kyber/symmetric-shake.o
 .debug_line    0x000000000000a371      0x20a ./src/kyber/verify.o
 .debug_line    0x000000000000a57b      0x24f ./src/drivers/fabric_accel.o
 .debug_line    0x000000000000a7ca      0x941 ./src/bsp/hal.o
 .debug_line    0x000000000000b10b      0x364 ./src/bsp/mpfs_clint.o
 .debug_line    0x000000000000b46f      0x433 ./src/bsp/mpfs_uart.o
 .debug_line    0x000000000000b8a2      0x1bc ./src/bsp/trng.o
 .debug_line    0x000000000000ba5e     0x1047 ./src/app/app_main.o

.debug_str      0x0000000000000000     0xa329
 .debug_str     0x0000000000000000     0x485d ./src/ucx/lib/console.o
                                       0x4a97 (size before relaxing)
 .debug_str     0x000000000000485d      0x1c1 ./src/ucx/lib/libc.o
                                       0x4bd3 (size before relaxing)
 .debug_str     0x0000000000004a1e      0x124 ./src/ucx/lib/list.o
                                       0x4bb3 (size before relaxing)
 .debug_str     0x0000000000004b42       0x81 ./src/ucx/lib/malloc.o
                                       0x4a90 (size before relaxing)
 .debug_str     0x0000000000004bc3      0x15a ./src/ucx/kernel/ecodes.o
                                       0x4b33 (size before relaxing)
 .debug_str     0x0000000000004d1d      0x2cb ./src/ucx/kernel/ucx.o
                                       0x4e82 (size before relaxing)
 .debug_str     0x0000000000004fe8       0x35 ./src/ucx/init/main.o
                                       0x4bd4 (size before relaxing)
 .debug_str     0x000000000000501d       0x23 ./src/startup/entry.o
                                         0x8f (size before relaxing)
 .debug_str     0x0000000000005040       0x22 ./src/startup/init.o
                                       0x2594 (size before relaxing)
 .debug_str     0x0000000000005062      0x68a ./src/kyber/cbd.o
                                       0x36a7 (size before relaxing)
 .debug_str     0x00000000000056ec      0x1b3 ./src/kyber/fips202.o
                                       0x4024 (size before relaxing)
 .debug_str     0x000000000000589f      0xb35 ./src/kyber/indcpa.o
                                       0x44e5 (size before relaxing)
 .debug_str     0x00000000000063d4      0x1ad ./src/kyber/kem.o
                                       0x4070 (size before relaxing)
 .debug_str     0x0000000000006581      0x168 ./src/kyber/ntt.o
                                       0x3527 (size before relaxing)
 .debug_str     0x00000000000066e9      0x115 ./src/kyber/poly.o
                                       0x40e0 (size before relaxing)
 .debug_str     0x00000000000067fe       0x3c ./src/kyber/polyvec.o
                                       0x3ade (size before relaxing)
 .debug_str     0x000000000000683a       0xa8 ./src/kyber/randombytes.o
                                       0x3417 (size before relaxing)
 .debug_str     0x00000000000068e2       0x16 ./src/kyber/reduce.o
                                       0x33f9 (size before relaxing)
 .debug_str     0x00000000000068f8     0x2fb2 ./src/kyber/symmetric-shake.o
                                       0x6989 (size before relaxing)
 .debug_str     0x00000000000098aa       0x16 ./src/kyber/verify.o
                                       0x3698 (size before relaxing)
 .debug_str     0x00000000000098c0      0x57e ./src/drivers/fabric_accel.o
                                       0x35dd (size before relaxing)
 .debug_str     0x0000000000009e3e      0x1d7 ./src/bsp/hal.o
                                       0x4378 (size before relaxing)
 .debug_str     0x000000000000a015       0x68 ./src/bsp/mpfs_clint.o
                                       0x35be (size before relaxing)
 .debug_str     0x000000000000a07d       0x80 ./src/bsp/mpfs_uart.o
                                       0x360b (size before relaxing)
 .debug_str     0x000000000000a0fd       0x12 ./src/bsp/trng.o
                                       0x38a2 (size before relaxing)
 .debug_str     0x000000000000a10f      0x21a ./src/app/app_main.o
                                       0x5127 (size before relaxing)

.debug_frame    0x0000000000000000     0x1e70
 .debug_frame   0x0000000000000000       0xf8 ./src/ucx/lib/console.o
 .debug_frame   0x00000000000000f8      0x3f8 ./src/ucx/lib/libc.o
 .debug_frame   0x00000000000004f0      0x440 ./src/ucx/lib/list.o
 .debug_frame   0x0000000000000930      0x100 ./src/ucx/lib/malloc.o
 .debug_frame   0x0000000000000a30      0x390 ./src/ucx/kernel/ucx.o
 .debug_frame   0x0000000000000dc0       0x58 ./src/ucx/init/main.o
 .debug_frame   0x0000000000000e18       0x28 ./src/startup/init.o
 .debug_frame   0x0000000000000e40       0x40 ./src/kyber/cbd.o
 .debug_frame   0x0000000000000e80      0x268 ./src/kyber/fips202.o
 .debug_frame   0x00000000000010e8      0x160 ./src/kyber/indcpa.o
 .debug_frame   0x0000000000001248       0xb8 ./src/kyber/kem.o
 .debug_frame   0x0000000000001300       0xf8 ./src/kyber/ntt.o
 .debug_frame   0x00000000000013f8      0x288 ./src/kyber/poly.o
 .debug_frame   0x0000000000001680      0x1c0 ./src/kyber/polyvec.o
 .debug_frame   0x0000000000001840       0x58 ./src/kyber/randombytes.o
 .debug_frame   0x0000000000001898       0x58 ./src/kyber/reduce.o
 .debug_frame   0x00000000000018f0       0x78 ./src/kyber/symmetric-shake.o
 .debug_frame   0x0000000000001968       0x40 ./src/kyber/verify.o
 .debug_frame   0x00000000000019a8       0x88 ./src/drivers/fabric_accel.o
 .debug_frame   0x0000000000001a30      0x200 ./src/bsp/hal.o
 .debug_frame   0x0000000000001c30       0x70 ./src/bsp/mpfs_clint.o
 .debug_frame   0x0000000000001ca0       0x90 ./src/bsp/mpfs_uart.o
 .debug_frame   0x0000000000001d30       0x70 ./src/bsp/trng.o
 .debug_frame   0x0000000000001da0       0xd0 ./src/app/app_main.o
